

================================================================
== Vivado HLS Report for 'myproject'
================================================================
* Date:           Tue Oct 18 00:38:43 2022

* Version:        2019.2 (Build 2704478 on Wed Nov 06 22:10:23 MST 2019)
* Project:        myproject_prj
* Solution:       solution1
* Product family: zynquplus
* Target device:  xczu9eg-ffvb1156-2-e


================================================================
== Performance Estimates
================================================================
+ Timing: 
    * Summary: 
    +--------+---------+----------+------------+
    |  Clock |  Target | Estimated| Uncertainty|
    +--------+---------+----------+------------+
    |ap_clk  | 5.00 ns | 3.905 ns |   0.62 ns  |
    +--------+---------+----------+------------+

+ Latency: 
    * Summary: 
    +---------+---------+----------+----------+-----+-----+----------+
    |  Latency (cycles) |  Latency (absolute) |  Interval | Pipeline |
    |   min   |   max   |    min   |    max   | min | max |   Type   |
    +---------+---------+----------+----------+-----+-----+----------+
    |      319|      319| 1.595 us | 1.595 us |  320|  320| dataflow |
    +---------+---------+----------+----------+-----+-----+----------+

    + Detail: 
        * Instance: 
        +--------------------------------------------------------+-------------------------------------------------------+---------+---------+----------+----------+-----+-----+---------+
        |                                                        |                                                       |  Latency (cycles) |  Latency (absolute) |  Interval | Pipeline|
        |                        Instance                        |                         Module                        |   min   |   max   |    min   |    max   | min | max |   Type  |
        +--------------------------------------------------------+-------------------------------------------------------+---------+---------+----------+----------+-----+-----+---------+
        |sum1d_switch_ap_fixed_ap_fixed_32_16_5_3_0_config12_U0  |sum1d_switch_ap_fixed_ap_fixed_32_16_5_3_0_config12_s  |      319|      319| 1.595 us | 1.595 us |  319|  319|   none  |
        +--------------------------------------------------------+-------------------------------------------------------+---------+---------+----------+----------+-----+-----+---------+

        * Loop: 
        N/A



================================================================
== Utilization Estimates
================================================================
* Summary: 
+-----------------+---------+-------+--------+--------+-----+
|       Name      | BRAM_18K| DSP48E|   FF   |   LUT  | URAM|
+-----------------+---------+-------+--------+--------+-----+
|DSP              |        -|      -|       -|       -|    -|
|Expression       |        -|      -|       -|       -|    -|
|FIFO             |        -|      -|       -|       -|    -|
|Instance         |        -|      -|    8258|   43895|    -|
|Memory           |        -|      -|       -|       -|    -|
|Multiplexer      |        -|      -|       -|       -|    -|
|Register         |        -|      -|       -|       -|    -|
+-----------------+---------+-------+--------+--------+-----+
|Total            |        0|      0|    8258|   43895|    0|
+-----------------+---------+-------+--------+--------+-----+
|Available        |     1824|   2520|  548160|  274080|    0|
+-----------------+---------+-------+--------+--------+-----+
|Utilization (%)  |        0|      0|       1|      16|    0|
+-----------------+---------+-------+--------+--------+-----+

+ Detail: 
    * Instance: 
    +--------------------------------------------------------+-------------------------------------------------------+---------+-------+------+-------+-----+
    |                        Instance                        |                         Module                        | BRAM_18K| DSP48E|  FF  |  LUT  | URAM|
    +--------------------------------------------------------+-------------------------------------------------------+---------+-------+------+-------+-----+
    |sum1d_switch_ap_fixed_ap_fixed_32_16_5_3_0_config12_U0  |sum1d_switch_ap_fixed_ap_fixed_32_16_5_3_0_config12_s  |        0|      0|  8258|  43895|    0|
    +--------------------------------------------------------+-------------------------------------------------------+---------+-------+------+-------+-----+
    |Total                                                   |                                                       |        0|      0|  8258|  43895|    0|
    +--------------------------------------------------------+-------------------------------------------------------+---------+-------+------+-------+-----+

    * DSP48E: 
    N/A

    * Memory: 
    N/A

    * FIFO: 
    N/A

    * Expression: 
    N/A

    * Multiplexer: 
    N/A

    * Register: 
    N/A



================================================================
== Interface
================================================================
* Summary: 
+--------------------------+-----+-----+------------+-------------------+--------------+
|         RTL Ports        | Dir | Bits|  Protocol  |   Source Object   |    C Type    |
+--------------------------+-----+-----+------------+-------------------+--------------+
|tracks_0_V_V_TDATA        |  in |   32|    axis    |    tracks_0_V_V   |    pointer   |
|tracks_0_V_V_TVALID       |  in |    1|    axis    |    tracks_0_V_V   |    pointer   |
|tracks_0_V_V_TREADY       | out |    1|    axis    |    tracks_0_V_V   |    pointer   |
|tracks_1_V_V_TDATA        |  in |   32|    axis    |    tracks_1_V_V   |    pointer   |
|tracks_1_V_V_TVALID       |  in |    1|    axis    |    tracks_1_V_V   |    pointer   |
|tracks_1_V_V_TREADY       | out |    1|    axis    |    tracks_1_V_V   |    pointer   |
|tracks_2_V_V_TDATA        |  in |   32|    axis    |    tracks_2_V_V   |    pointer   |
|tracks_2_V_V_TVALID       |  in |    1|    axis    |    tracks_2_V_V   |    pointer   |
|tracks_2_V_V_TREADY       | out |    1|    axis    |    tracks_2_V_V   |    pointer   |
|tracks_3_V_V_TDATA        |  in |   32|    axis    |    tracks_3_V_V   |    pointer   |
|tracks_3_V_V_TVALID       |  in |    1|    axis    |    tracks_3_V_V   |    pointer   |
|tracks_3_V_V_TREADY       | out |    1|    axis    |    tracks_3_V_V   |    pointer   |
|tracks_4_V_V_TDATA        |  in |   32|    axis    |    tracks_4_V_V   |    pointer   |
|tracks_4_V_V_TVALID       |  in |    1|    axis    |    tracks_4_V_V   |    pointer   |
|tracks_4_V_V_TREADY       | out |    1|    axis    |    tracks_4_V_V   |    pointer   |
|tracks_5_V_V_TDATA        |  in |   32|    axis    |    tracks_5_V_V   |    pointer   |
|tracks_5_V_V_TVALID       |  in |    1|    axis    |    tracks_5_V_V   |    pointer   |
|tracks_5_V_V_TREADY       | out |    1|    axis    |    tracks_5_V_V   |    pointer   |
|tracks_6_V_V_TDATA        |  in |   32|    axis    |    tracks_6_V_V   |    pointer   |
|tracks_6_V_V_TVALID       |  in |    1|    axis    |    tracks_6_V_V   |    pointer   |
|tracks_6_V_V_TREADY       | out |    1|    axis    |    tracks_6_V_V   |    pointer   |
|tracks_7_V_V_TDATA        |  in |   32|    axis    |    tracks_7_V_V   |    pointer   |
|tracks_7_V_V_TVALID       |  in |    1|    axis    |    tracks_7_V_V   |    pointer   |
|tracks_7_V_V_TREADY       | out |    1|    axis    |    tracks_7_V_V   |    pointer   |
|tracks_8_V_V_TDATA        |  in |   32|    axis    |    tracks_8_V_V   |    pointer   |
|tracks_8_V_V_TVALID       |  in |    1|    axis    |    tracks_8_V_V   |    pointer   |
|tracks_8_V_V_TREADY       | out |    1|    axis    |    tracks_8_V_V   |    pointer   |
|tracks_9_V_V_TDATA        |  in |   32|    axis    |    tracks_9_V_V   |    pointer   |
|tracks_9_V_V_TVALID       |  in |    1|    axis    |    tracks_9_V_V   |    pointer   |
|tracks_9_V_V_TREADY       | out |    1|    axis    |    tracks_9_V_V   |    pointer   |
|tracks_10_V_V_TDATA       |  in |   32|    axis    |   tracks_10_V_V   |    pointer   |
|tracks_10_V_V_TVALID      |  in |    1|    axis    |   tracks_10_V_V   |    pointer   |
|tracks_10_V_V_TREADY      | out |    1|    axis    |   tracks_10_V_V   |    pointer   |
|tracks_11_V_V_TDATA       |  in |   32|    axis    |   tracks_11_V_V   |    pointer   |
|tracks_11_V_V_TVALID      |  in |    1|    axis    |   tracks_11_V_V   |    pointer   |
|tracks_11_V_V_TREADY      | out |    1|    axis    |   tracks_11_V_V   |    pointer   |
|tracks_12_V_V_TDATA       |  in |   32|    axis    |   tracks_12_V_V   |    pointer   |
|tracks_12_V_V_TVALID      |  in |    1|    axis    |   tracks_12_V_V   |    pointer   |
|tracks_12_V_V_TREADY      | out |    1|    axis    |   tracks_12_V_V   |    pointer   |
|tracks_13_V_V_TDATA       |  in |   32|    axis    |   tracks_13_V_V   |    pointer   |
|tracks_13_V_V_TVALID      |  in |    1|    axis    |   tracks_13_V_V   |    pointer   |
|tracks_13_V_V_TREADY      | out |    1|    axis    |   tracks_13_V_V   |    pointer   |
|tracks_14_V_V_TDATA       |  in |   32|    axis    |   tracks_14_V_V   |    pointer   |
|tracks_14_V_V_TVALID      |  in |    1|    axis    |   tracks_14_V_V   |    pointer   |
|tracks_14_V_V_TREADY      | out |    1|    axis    |   tracks_14_V_V   |    pointer   |
|tracks_15_V_V_TDATA       |  in |   32|    axis    |   tracks_15_V_V   |    pointer   |
|tracks_15_V_V_TVALID      |  in |    1|    axis    |   tracks_15_V_V   |    pointer   |
|tracks_15_V_V_TREADY      | out |    1|    axis    |   tracks_15_V_V   |    pointer   |
|tracks_16_V_V_TDATA       |  in |   32|    axis    |   tracks_16_V_V   |    pointer   |
|tracks_16_V_V_TVALID      |  in |    1|    axis    |   tracks_16_V_V   |    pointer   |
|tracks_16_V_V_TREADY      | out |    1|    axis    |   tracks_16_V_V   |    pointer   |
|tracks_17_V_V_TDATA       |  in |   32|    axis    |   tracks_17_V_V   |    pointer   |
|tracks_17_V_V_TVALID      |  in |    1|    axis    |   tracks_17_V_V   |    pointer   |
|tracks_17_V_V_TREADY      | out |    1|    axis    |   tracks_17_V_V   |    pointer   |
|tracks_18_V_V_TDATA       |  in |   32|    axis    |   tracks_18_V_V   |    pointer   |
|tracks_18_V_V_TVALID      |  in |    1|    axis    |   tracks_18_V_V   |    pointer   |
|tracks_18_V_V_TREADY      | out |    1|    axis    |   tracks_18_V_V   |    pointer   |
|tracks_19_V_V_TDATA       |  in |   32|    axis    |   tracks_19_V_V   |    pointer   |
|tracks_19_V_V_TVALID      |  in |    1|    axis    |   tracks_19_V_V   |    pointer   |
|tracks_19_V_V_TREADY      | out |    1|    axis    |   tracks_19_V_V   |    pointer   |
|tracks_20_V_V_TDATA       |  in |   32|    axis    |   tracks_20_V_V   |    pointer   |
|tracks_20_V_V_TVALID      |  in |    1|    axis    |   tracks_20_V_V   |    pointer   |
|tracks_20_V_V_TREADY      | out |    1|    axis    |   tracks_20_V_V   |    pointer   |
|tracks_21_V_V_TDATA       |  in |   32|    axis    |   tracks_21_V_V   |    pointer   |
|tracks_21_V_V_TVALID      |  in |    1|    axis    |   tracks_21_V_V   |    pointer   |
|tracks_21_V_V_TREADY      | out |    1|    axis    |   tracks_21_V_V   |    pointer   |
|tracks_22_V_V_TDATA       |  in |   32|    axis    |   tracks_22_V_V   |    pointer   |
|tracks_22_V_V_TVALID      |  in |    1|    axis    |   tracks_22_V_V   |    pointer   |
|tracks_22_V_V_TREADY      | out |    1|    axis    |   tracks_22_V_V   |    pointer   |
|tracks_23_V_V_TDATA       |  in |   32|    axis    |   tracks_23_V_V   |    pointer   |
|tracks_23_V_V_TVALID      |  in |    1|    axis    |   tracks_23_V_V   |    pointer   |
|tracks_23_V_V_TREADY      | out |    1|    axis    |   tracks_23_V_V   |    pointer   |
|tracks_24_V_V_TDATA       |  in |   32|    axis    |   tracks_24_V_V   |    pointer   |
|tracks_24_V_V_TVALID      |  in |    1|    axis    |   tracks_24_V_V   |    pointer   |
|tracks_24_V_V_TREADY      | out |    1|    axis    |   tracks_24_V_V   |    pointer   |
|tracks_25_V_V_TDATA       |  in |   32|    axis    |   tracks_25_V_V   |    pointer   |
|tracks_25_V_V_TVALID      |  in |    1|    axis    |   tracks_25_V_V   |    pointer   |
|tracks_25_V_V_TREADY      | out |    1|    axis    |   tracks_25_V_V   |    pointer   |
|tracks_26_V_V_TDATA       |  in |   32|    axis    |   tracks_26_V_V   |    pointer   |
|tracks_26_V_V_TVALID      |  in |    1|    axis    |   tracks_26_V_V   |    pointer   |
|tracks_26_V_V_TREADY      | out |    1|    axis    |   tracks_26_V_V   |    pointer   |
|tracks_27_V_V_TDATA       |  in |   32|    axis    |   tracks_27_V_V   |    pointer   |
|tracks_27_V_V_TVALID      |  in |    1|    axis    |   tracks_27_V_V   |    pointer   |
|tracks_27_V_V_TREADY      | out |    1|    axis    |   tracks_27_V_V   |    pointer   |
|tracks_28_V_V_TDATA       |  in |   32|    axis    |   tracks_28_V_V   |    pointer   |
|tracks_28_V_V_TVALID      |  in |    1|    axis    |   tracks_28_V_V   |    pointer   |
|tracks_28_V_V_TREADY      | out |    1|    axis    |   tracks_28_V_V   |    pointer   |
|tracks_29_V_V_TDATA       |  in |   32|    axis    |   tracks_29_V_V   |    pointer   |
|tracks_29_V_V_TVALID      |  in |    1|    axis    |   tracks_29_V_V   |    pointer   |
|tracks_29_V_V_TREADY      | out |    1|    axis    |   tracks_29_V_V   |    pointer   |
|tracks_30_V_V_TDATA       |  in |   32|    axis    |   tracks_30_V_V   |    pointer   |
|tracks_30_V_V_TVALID      |  in |    1|    axis    |   tracks_30_V_V   |    pointer   |
|tracks_30_V_V_TREADY      | out |    1|    axis    |   tracks_30_V_V   |    pointer   |
|tracks_31_V_V_TDATA       |  in |   32|    axis    |   tracks_31_V_V   |    pointer   |
|tracks_31_V_V_TVALID      |  in |    1|    axis    |   tracks_31_V_V   |    pointer   |
|tracks_31_V_V_TREADY      | out |    1|    axis    |   tracks_31_V_V   |    pointer   |
|tracks_32_V_V_TDATA       |  in |   32|    axis    |   tracks_32_V_V   |    pointer   |
|tracks_32_V_V_TVALID      |  in |    1|    axis    |   tracks_32_V_V   |    pointer   |
|tracks_32_V_V_TREADY      | out |    1|    axis    |   tracks_32_V_V   |    pointer   |
|tracks_33_V_V_TDATA       |  in |   32|    axis    |   tracks_33_V_V   |    pointer   |
|tracks_33_V_V_TVALID      |  in |    1|    axis    |   tracks_33_V_V   |    pointer   |
|tracks_33_V_V_TREADY      | out |    1|    axis    |   tracks_33_V_V   |    pointer   |
|tracks_34_V_V_TDATA       |  in |   32|    axis    |   tracks_34_V_V   |    pointer   |
|tracks_34_V_V_TVALID      |  in |    1|    axis    |   tracks_34_V_V   |    pointer   |
|tracks_34_V_V_TREADY      | out |    1|    axis    |   tracks_34_V_V   |    pointer   |
|tracks_35_V_V_TDATA       |  in |   32|    axis    |   tracks_35_V_V   |    pointer   |
|tracks_35_V_V_TVALID      |  in |    1|    axis    |   tracks_35_V_V   |    pointer   |
|tracks_35_V_V_TREADY      | out |    1|    axis    |   tracks_35_V_V   |    pointer   |
|tracks_36_V_V_TDATA       |  in |   32|    axis    |   tracks_36_V_V   |    pointer   |
|tracks_36_V_V_TVALID      |  in |    1|    axis    |   tracks_36_V_V   |    pointer   |
|tracks_36_V_V_TREADY      | out |    1|    axis    |   tracks_36_V_V   |    pointer   |
|tracks_37_V_V_TDATA       |  in |   32|    axis    |   tracks_37_V_V   |    pointer   |
|tracks_37_V_V_TVALID      |  in |    1|    axis    |   tracks_37_V_V   |    pointer   |
|tracks_37_V_V_TREADY      | out |    1|    axis    |   tracks_37_V_V   |    pointer   |
|tracks_38_V_V_TDATA       |  in |   32|    axis    |   tracks_38_V_V   |    pointer   |
|tracks_38_V_V_TVALID      |  in |    1|    axis    |   tracks_38_V_V   |    pointer   |
|tracks_38_V_V_TREADY      | out |    1|    axis    |   tracks_38_V_V   |    pointer   |
|tracks_39_V_V_TDATA       |  in |   32|    axis    |   tracks_39_V_V   |    pointer   |
|tracks_39_V_V_TVALID      |  in |    1|    axis    |   tracks_39_V_V   |    pointer   |
|tracks_39_V_V_TREADY      | out |    1|    axis    |   tracks_39_V_V   |    pointer   |
|tracks_40_V_V_TDATA       |  in |   32|    axis    |   tracks_40_V_V   |    pointer   |
|tracks_40_V_V_TVALID      |  in |    1|    axis    |   tracks_40_V_V   |    pointer   |
|tracks_40_V_V_TREADY      | out |    1|    axis    |   tracks_40_V_V   |    pointer   |
|tracks_41_V_V_TDATA       |  in |   32|    axis    |   tracks_41_V_V   |    pointer   |
|tracks_41_V_V_TVALID      |  in |    1|    axis    |   tracks_41_V_V   |    pointer   |
|tracks_41_V_V_TREADY      | out |    1|    axis    |   tracks_41_V_V   |    pointer   |
|tracks_42_V_V_TDATA       |  in |   32|    axis    |   tracks_42_V_V   |    pointer   |
|tracks_42_V_V_TVALID      |  in |    1|    axis    |   tracks_42_V_V   |    pointer   |
|tracks_42_V_V_TREADY      | out |    1|    axis    |   tracks_42_V_V   |    pointer   |
|tracks_43_V_V_TDATA       |  in |   32|    axis    |   tracks_43_V_V   |    pointer   |
|tracks_43_V_V_TVALID      |  in |    1|    axis    |   tracks_43_V_V   |    pointer   |
|tracks_43_V_V_TREADY      | out |    1|    axis    |   tracks_43_V_V   |    pointer   |
|tracks_44_V_V_TDATA       |  in |   32|    axis    |   tracks_44_V_V   |    pointer   |
|tracks_44_V_V_TVALID      |  in |    1|    axis    |   tracks_44_V_V   |    pointer   |
|tracks_44_V_V_TREADY      | out |    1|    axis    |   tracks_44_V_V   |    pointer   |
|tracks_45_V_V_TDATA       |  in |   32|    axis    |   tracks_45_V_V   |    pointer   |
|tracks_45_V_V_TVALID      |  in |    1|    axis    |   tracks_45_V_V   |    pointer   |
|tracks_45_V_V_TREADY      | out |    1|    axis    |   tracks_45_V_V   |    pointer   |
|tracks_46_V_V_TDATA       |  in |   32|    axis    |   tracks_46_V_V   |    pointer   |
|tracks_46_V_V_TVALID      |  in |    1|    axis    |   tracks_46_V_V   |    pointer   |
|tracks_46_V_V_TREADY      | out |    1|    axis    |   tracks_46_V_V   |    pointer   |
|tracks_47_V_V_TDATA       |  in |   32|    axis    |   tracks_47_V_V   |    pointer   |
|tracks_47_V_V_TVALID      |  in |    1|    axis    |   tracks_47_V_V   |    pointer   |
|tracks_47_V_V_TREADY      | out |    1|    axis    |   tracks_47_V_V   |    pointer   |
|tracks_48_V_V_TDATA       |  in |   32|    axis    |   tracks_48_V_V   |    pointer   |
|tracks_48_V_V_TVALID      |  in |    1|    axis    |   tracks_48_V_V   |    pointer   |
|tracks_48_V_V_TREADY      | out |    1|    axis    |   tracks_48_V_V   |    pointer   |
|tracks_49_V_V_TDATA       |  in |   32|    axis    |   tracks_49_V_V   |    pointer   |
|tracks_49_V_V_TVALID      |  in |    1|    axis    |   tracks_49_V_V   |    pointer   |
|tracks_49_V_V_TREADY      | out |    1|    axis    |   tracks_49_V_V   |    pointer   |
|tracks_50_V_V_TDATA       |  in |   32|    axis    |   tracks_50_V_V   |    pointer   |
|tracks_50_V_V_TVALID      |  in |    1|    axis    |   tracks_50_V_V   |    pointer   |
|tracks_50_V_V_TREADY      | out |    1|    axis    |   tracks_50_V_V   |    pointer   |
|tracks_51_V_V_TDATA       |  in |   32|    axis    |   tracks_51_V_V   |    pointer   |
|tracks_51_V_V_TVALID      |  in |    1|    axis    |   tracks_51_V_V   |    pointer   |
|tracks_51_V_V_TREADY      | out |    1|    axis    |   tracks_51_V_V   |    pointer   |
|tracks_52_V_V_TDATA       |  in |   32|    axis    |   tracks_52_V_V   |    pointer   |
|tracks_52_V_V_TVALID      |  in |    1|    axis    |   tracks_52_V_V   |    pointer   |
|tracks_52_V_V_TREADY      | out |    1|    axis    |   tracks_52_V_V   |    pointer   |
|tracks_53_V_V_TDATA       |  in |   32|    axis    |   tracks_53_V_V   |    pointer   |
|tracks_53_V_V_TVALID      |  in |    1|    axis    |   tracks_53_V_V   |    pointer   |
|tracks_53_V_V_TREADY      | out |    1|    axis    |   tracks_53_V_V   |    pointer   |
|tracks_54_V_V_TDATA       |  in |   32|    axis    |   tracks_54_V_V   |    pointer   |
|tracks_54_V_V_TVALID      |  in |    1|    axis    |   tracks_54_V_V   |    pointer   |
|tracks_54_V_V_TREADY      | out |    1|    axis    |   tracks_54_V_V   |    pointer   |
|tracks_55_V_V_TDATA       |  in |   32|    axis    |   tracks_55_V_V   |    pointer   |
|tracks_55_V_V_TVALID      |  in |    1|    axis    |   tracks_55_V_V   |    pointer   |
|tracks_55_V_V_TREADY      | out |    1|    axis    |   tracks_55_V_V   |    pointer   |
|tracks_56_V_V_TDATA       |  in |   32|    axis    |   tracks_56_V_V   |    pointer   |
|tracks_56_V_V_TVALID      |  in |    1|    axis    |   tracks_56_V_V   |    pointer   |
|tracks_56_V_V_TREADY      | out |    1|    axis    |   tracks_56_V_V   |    pointer   |
|tracks_57_V_V_TDATA       |  in |   32|    axis    |   tracks_57_V_V   |    pointer   |
|tracks_57_V_V_TVALID      |  in |    1|    axis    |   tracks_57_V_V   |    pointer   |
|tracks_57_V_V_TREADY      | out |    1|    axis    |   tracks_57_V_V   |    pointer   |
|tracks_58_V_V_TDATA       |  in |   32|    axis    |   tracks_58_V_V   |    pointer   |
|tracks_58_V_V_TVALID      |  in |    1|    axis    |   tracks_58_V_V   |    pointer   |
|tracks_58_V_V_TREADY      | out |    1|    axis    |   tracks_58_V_V   |    pointer   |
|tracks_59_V_V_TDATA       |  in |   32|    axis    |   tracks_59_V_V   |    pointer   |
|tracks_59_V_V_TVALID      |  in |    1|    axis    |   tracks_59_V_V   |    pointer   |
|tracks_59_V_V_TREADY      | out |    1|    axis    |   tracks_59_V_V   |    pointer   |
|tracks_60_V_V_TDATA       |  in |   32|    axis    |   tracks_60_V_V   |    pointer   |
|tracks_60_V_V_TVALID      |  in |    1|    axis    |   tracks_60_V_V   |    pointer   |
|tracks_60_V_V_TREADY      | out |    1|    axis    |   tracks_60_V_V   |    pointer   |
|tracks_61_V_V_TDATA       |  in |   32|    axis    |   tracks_61_V_V   |    pointer   |
|tracks_61_V_V_TVALID      |  in |    1|    axis    |   tracks_61_V_V   |    pointer   |
|tracks_61_V_V_TREADY      | out |    1|    axis    |   tracks_61_V_V   |    pointer   |
|tracks_62_V_V_TDATA       |  in |   32|    axis    |   tracks_62_V_V   |    pointer   |
|tracks_62_V_V_TVALID      |  in |    1|    axis    |   tracks_62_V_V   |    pointer   |
|tracks_62_V_V_TREADY      | out |    1|    axis    |   tracks_62_V_V   |    pointer   |
|tracks_63_V_V_TDATA       |  in |   32|    axis    |   tracks_63_V_V   |    pointer   |
|tracks_63_V_V_TVALID      |  in |    1|    axis    |   tracks_63_V_V   |    pointer   |
|tracks_63_V_V_TREADY      | out |    1|    axis    |   tracks_63_V_V   |    pointer   |
|tracks_64_V_V_TDATA       |  in |   32|    axis    |   tracks_64_V_V   |    pointer   |
|tracks_64_V_V_TVALID      |  in |    1|    axis    |   tracks_64_V_V   |    pointer   |
|tracks_64_V_V_TREADY      | out |    1|    axis    |   tracks_64_V_V   |    pointer   |
|tracks_65_V_V_TDATA       |  in |   32|    axis    |   tracks_65_V_V   |    pointer   |
|tracks_65_V_V_TVALID      |  in |    1|    axis    |   tracks_65_V_V   |    pointer   |
|tracks_65_V_V_TREADY      | out |    1|    axis    |   tracks_65_V_V   |    pointer   |
|tracks_66_V_V_TDATA       |  in |   32|    axis    |   tracks_66_V_V   |    pointer   |
|tracks_66_V_V_TVALID      |  in |    1|    axis    |   tracks_66_V_V   |    pointer   |
|tracks_66_V_V_TREADY      | out |    1|    axis    |   tracks_66_V_V   |    pointer   |
|tracks_67_V_V_TDATA       |  in |   32|    axis    |   tracks_67_V_V   |    pointer   |
|tracks_67_V_V_TVALID      |  in |    1|    axis    |   tracks_67_V_V   |    pointer   |
|tracks_67_V_V_TREADY      | out |    1|    axis    |   tracks_67_V_V   |    pointer   |
|tracks_68_V_V_TDATA       |  in |   32|    axis    |   tracks_68_V_V   |    pointer   |
|tracks_68_V_V_TVALID      |  in |    1|    axis    |   tracks_68_V_V   |    pointer   |
|tracks_68_V_V_TREADY      | out |    1|    axis    |   tracks_68_V_V   |    pointer   |
|tracks_69_V_V_TDATA       |  in |   32|    axis    |   tracks_69_V_V   |    pointer   |
|tracks_69_V_V_TVALID      |  in |    1|    axis    |   tracks_69_V_V   |    pointer   |
|tracks_69_V_V_TREADY      | out |    1|    axis    |   tracks_69_V_V   |    pointer   |
|tracks_70_V_V_TDATA       |  in |   32|    axis    |   tracks_70_V_V   |    pointer   |
|tracks_70_V_V_TVALID      |  in |    1|    axis    |   tracks_70_V_V   |    pointer   |
|tracks_70_V_V_TREADY      | out |    1|    axis    |   tracks_70_V_V   |    pointer   |
|tracks_71_V_V_TDATA       |  in |   32|    axis    |   tracks_71_V_V   |    pointer   |
|tracks_71_V_V_TVALID      |  in |    1|    axis    |   tracks_71_V_V   |    pointer   |
|tracks_71_V_V_TREADY      | out |    1|    axis    |   tracks_71_V_V   |    pointer   |
|tracks_72_V_V_TDATA       |  in |   32|    axis    |   tracks_72_V_V   |    pointer   |
|tracks_72_V_V_TVALID      |  in |    1|    axis    |   tracks_72_V_V   |    pointer   |
|tracks_72_V_V_TREADY      | out |    1|    axis    |   tracks_72_V_V   |    pointer   |
|tracks_73_V_V_TDATA       |  in |   32|    axis    |   tracks_73_V_V   |    pointer   |
|tracks_73_V_V_TVALID      |  in |    1|    axis    |   tracks_73_V_V   |    pointer   |
|tracks_73_V_V_TREADY      | out |    1|    axis    |   tracks_73_V_V   |    pointer   |
|tracks_74_V_V_TDATA       |  in |   32|    axis    |   tracks_74_V_V   |    pointer   |
|tracks_74_V_V_TVALID      |  in |    1|    axis    |   tracks_74_V_V   |    pointer   |
|tracks_74_V_V_TREADY      | out |    1|    axis    |   tracks_74_V_V   |    pointer   |
|tracks_75_V_V_TDATA       |  in |   32|    axis    |   tracks_75_V_V   |    pointer   |
|tracks_75_V_V_TVALID      |  in |    1|    axis    |   tracks_75_V_V   |    pointer   |
|tracks_75_V_V_TREADY      | out |    1|    axis    |   tracks_75_V_V   |    pointer   |
|tracks_76_V_V_TDATA       |  in |   32|    axis    |   tracks_76_V_V   |    pointer   |
|tracks_76_V_V_TVALID      |  in |    1|    axis    |   tracks_76_V_V   |    pointer   |
|tracks_76_V_V_TREADY      | out |    1|    axis    |   tracks_76_V_V   |    pointer   |
|tracks_77_V_V_TDATA       |  in |   32|    axis    |   tracks_77_V_V   |    pointer   |
|tracks_77_V_V_TVALID      |  in |    1|    axis    |   tracks_77_V_V   |    pointer   |
|tracks_77_V_V_TREADY      | out |    1|    axis    |   tracks_77_V_V   |    pointer   |
|tracks_78_V_V_TDATA       |  in |   32|    axis    |   tracks_78_V_V   |    pointer   |
|tracks_78_V_V_TVALID      |  in |    1|    axis    |   tracks_78_V_V   |    pointer   |
|tracks_78_V_V_TREADY      | out |    1|    axis    |   tracks_78_V_V   |    pointer   |
|tracks_79_V_V_TDATA       |  in |   32|    axis    |   tracks_79_V_V   |    pointer   |
|tracks_79_V_V_TVALID      |  in |    1|    axis    |   tracks_79_V_V   |    pointer   |
|tracks_79_V_V_TREADY      | out |    1|    axis    |   tracks_79_V_V   |    pointer   |
|tracks_80_V_V_TDATA       |  in |   32|    axis    |   tracks_80_V_V   |    pointer   |
|tracks_80_V_V_TVALID      |  in |    1|    axis    |   tracks_80_V_V   |    pointer   |
|tracks_80_V_V_TREADY      | out |    1|    axis    |   tracks_80_V_V   |    pointer   |
|tracks_81_V_V_TDATA       |  in |   32|    axis    |   tracks_81_V_V   |    pointer   |
|tracks_81_V_V_TVALID      |  in |    1|    axis    |   tracks_81_V_V   |    pointer   |
|tracks_81_V_V_TREADY      | out |    1|    axis    |   tracks_81_V_V   |    pointer   |
|tracks_82_V_V_TDATA       |  in |   32|    axis    |   tracks_82_V_V   |    pointer   |
|tracks_82_V_V_TVALID      |  in |    1|    axis    |   tracks_82_V_V   |    pointer   |
|tracks_82_V_V_TREADY      | out |    1|    axis    |   tracks_82_V_V   |    pointer   |
|tracks_83_V_V_TDATA       |  in |   32|    axis    |   tracks_83_V_V   |    pointer   |
|tracks_83_V_V_TVALID      |  in |    1|    axis    |   tracks_83_V_V   |    pointer   |
|tracks_83_V_V_TREADY      | out |    1|    axis    |   tracks_83_V_V   |    pointer   |
|tracks_84_V_V_TDATA       |  in |   32|    axis    |   tracks_84_V_V   |    pointer   |
|tracks_84_V_V_TVALID      |  in |    1|    axis    |   tracks_84_V_V   |    pointer   |
|tracks_84_V_V_TREADY      | out |    1|    axis    |   tracks_84_V_V   |    pointer   |
|tracks_85_V_V_TDATA       |  in |   32|    axis    |   tracks_85_V_V   |    pointer   |
|tracks_85_V_V_TVALID      |  in |    1|    axis    |   tracks_85_V_V   |    pointer   |
|tracks_85_V_V_TREADY      | out |    1|    axis    |   tracks_85_V_V   |    pointer   |
|tracks_86_V_V_TDATA       |  in |   32|    axis    |   tracks_86_V_V   |    pointer   |
|tracks_86_V_V_TVALID      |  in |    1|    axis    |   tracks_86_V_V   |    pointer   |
|tracks_86_V_V_TREADY      | out |    1|    axis    |   tracks_86_V_V   |    pointer   |
|tracks_87_V_V_TDATA       |  in |   32|    axis    |   tracks_87_V_V   |    pointer   |
|tracks_87_V_V_TVALID      |  in |    1|    axis    |   tracks_87_V_V   |    pointer   |
|tracks_87_V_V_TREADY      | out |    1|    axis    |   tracks_87_V_V   |    pointer   |
|tracks_88_V_V_TDATA       |  in |   32|    axis    |   tracks_88_V_V   |    pointer   |
|tracks_88_V_V_TVALID      |  in |    1|    axis    |   tracks_88_V_V   |    pointer   |
|tracks_88_V_V_TREADY      | out |    1|    axis    |   tracks_88_V_V   |    pointer   |
|tracks_89_V_V_TDATA       |  in |   32|    axis    |   tracks_89_V_V   |    pointer   |
|tracks_89_V_V_TVALID      |  in |    1|    axis    |   tracks_89_V_V   |    pointer   |
|tracks_89_V_V_TREADY      | out |    1|    axis    |   tracks_89_V_V   |    pointer   |
|tracks_90_V_V_TDATA       |  in |   32|    axis    |   tracks_90_V_V   |    pointer   |
|tracks_90_V_V_TVALID      |  in |    1|    axis    |   tracks_90_V_V   |    pointer   |
|tracks_90_V_V_TREADY      | out |    1|    axis    |   tracks_90_V_V   |    pointer   |
|tracks_91_V_V_TDATA       |  in |   32|    axis    |   tracks_91_V_V   |    pointer   |
|tracks_91_V_V_TVALID      |  in |    1|    axis    |   tracks_91_V_V   |    pointer   |
|tracks_91_V_V_TREADY      | out |    1|    axis    |   tracks_91_V_V   |    pointer   |
|tracks_92_V_V_TDATA       |  in |   32|    axis    |   tracks_92_V_V   |    pointer   |
|tracks_92_V_V_TVALID      |  in |    1|    axis    |   tracks_92_V_V   |    pointer   |
|tracks_92_V_V_TREADY      | out |    1|    axis    |   tracks_92_V_V   |    pointer   |
|tracks_93_V_V_TDATA       |  in |   32|    axis    |   tracks_93_V_V   |    pointer   |
|tracks_93_V_V_TVALID      |  in |    1|    axis    |   tracks_93_V_V   |    pointer   |
|tracks_93_V_V_TREADY      | out |    1|    axis    |   tracks_93_V_V   |    pointer   |
|tracks_94_V_V_TDATA       |  in |   32|    axis    |   tracks_94_V_V   |    pointer   |
|tracks_94_V_V_TVALID      |  in |    1|    axis    |   tracks_94_V_V   |    pointer   |
|tracks_94_V_V_TREADY      | out |    1|    axis    |   tracks_94_V_V   |    pointer   |
|tracks_95_V_V_TDATA       |  in |   32|    axis    |   tracks_95_V_V   |    pointer   |
|tracks_95_V_V_TVALID      |  in |    1|    axis    |   tracks_95_V_V   |    pointer   |
|tracks_95_V_V_TREADY      | out |    1|    axis    |   tracks_95_V_V   |    pointer   |
|tracks_96_V_V_TDATA       |  in |   32|    axis    |   tracks_96_V_V   |    pointer   |
|tracks_96_V_V_TVALID      |  in |    1|    axis    |   tracks_96_V_V   |    pointer   |
|tracks_96_V_V_TREADY      | out |    1|    axis    |   tracks_96_V_V   |    pointer   |
|tracks_97_V_V_TDATA       |  in |   32|    axis    |   tracks_97_V_V   |    pointer   |
|tracks_97_V_V_TVALID      |  in |    1|    axis    |   tracks_97_V_V   |    pointer   |
|tracks_97_V_V_TREADY      | out |    1|    axis    |   tracks_97_V_V   |    pointer   |
|tracks_98_V_V_TDATA       |  in |   32|    axis    |   tracks_98_V_V   |    pointer   |
|tracks_98_V_V_TVALID      |  in |    1|    axis    |   tracks_98_V_V   |    pointer   |
|tracks_98_V_V_TREADY      | out |    1|    axis    |   tracks_98_V_V   |    pointer   |
|tracks_99_V_V_TDATA       |  in |   32|    axis    |   tracks_99_V_V   |    pointer   |
|tracks_99_V_V_TVALID      |  in |    1|    axis    |   tracks_99_V_V   |    pointer   |
|tracks_99_V_V_TREADY      | out |    1|    axis    |   tracks_99_V_V   |    pointer   |
|tracks_100_V_V_TDATA      |  in |   32|    axis    |   tracks_100_V_V  |    pointer   |
|tracks_100_V_V_TVALID     |  in |    1|    axis    |   tracks_100_V_V  |    pointer   |
|tracks_100_V_V_TREADY     | out |    1|    axis    |   tracks_100_V_V  |    pointer   |
|tracks_101_V_V_TDATA      |  in |   32|    axis    |   tracks_101_V_V  |    pointer   |
|tracks_101_V_V_TVALID     |  in |    1|    axis    |   tracks_101_V_V  |    pointer   |
|tracks_101_V_V_TREADY     | out |    1|    axis    |   tracks_101_V_V  |    pointer   |
|tracks_102_V_V_TDATA      |  in |   32|    axis    |   tracks_102_V_V  |    pointer   |
|tracks_102_V_V_TVALID     |  in |    1|    axis    |   tracks_102_V_V  |    pointer   |
|tracks_102_V_V_TREADY     | out |    1|    axis    |   tracks_102_V_V  |    pointer   |
|tracks_103_V_V_TDATA      |  in |   32|    axis    |   tracks_103_V_V  |    pointer   |
|tracks_103_V_V_TVALID     |  in |    1|    axis    |   tracks_103_V_V  |    pointer   |
|tracks_103_V_V_TREADY     | out |    1|    axis    |   tracks_103_V_V  |    pointer   |
|tracks_104_V_V_TDATA      |  in |   32|    axis    |   tracks_104_V_V  |    pointer   |
|tracks_104_V_V_TVALID     |  in |    1|    axis    |   tracks_104_V_V  |    pointer   |
|tracks_104_V_V_TREADY     | out |    1|    axis    |   tracks_104_V_V  |    pointer   |
|tracks_105_V_V_TDATA      |  in |   32|    axis    |   tracks_105_V_V  |    pointer   |
|tracks_105_V_V_TVALID     |  in |    1|    axis    |   tracks_105_V_V  |    pointer   |
|tracks_105_V_V_TREADY     | out |    1|    axis    |   tracks_105_V_V  |    pointer   |
|tracks_106_V_V_TDATA      |  in |   32|    axis    |   tracks_106_V_V  |    pointer   |
|tracks_106_V_V_TVALID     |  in |    1|    axis    |   tracks_106_V_V  |    pointer   |
|tracks_106_V_V_TREADY     | out |    1|    axis    |   tracks_106_V_V  |    pointer   |
|tracks_107_V_V_TDATA      |  in |   32|    axis    |   tracks_107_V_V  |    pointer   |
|tracks_107_V_V_TVALID     |  in |    1|    axis    |   tracks_107_V_V  |    pointer   |
|tracks_107_V_V_TREADY     | out |    1|    axis    |   tracks_107_V_V  |    pointer   |
|tracks_108_V_V_TDATA      |  in |   32|    axis    |   tracks_108_V_V  |    pointer   |
|tracks_108_V_V_TVALID     |  in |    1|    axis    |   tracks_108_V_V  |    pointer   |
|tracks_108_V_V_TREADY     | out |    1|    axis    |   tracks_108_V_V  |    pointer   |
|tracks_109_V_V_TDATA      |  in |   32|    axis    |   tracks_109_V_V  |    pointer   |
|tracks_109_V_V_TVALID     |  in |    1|    axis    |   tracks_109_V_V  |    pointer   |
|tracks_109_V_V_TREADY     | out |    1|    axis    |   tracks_109_V_V  |    pointer   |
|tracks_110_V_V_TDATA      |  in |   32|    axis    |   tracks_110_V_V  |    pointer   |
|tracks_110_V_V_TVALID     |  in |    1|    axis    |   tracks_110_V_V  |    pointer   |
|tracks_110_V_V_TREADY     | out |    1|    axis    |   tracks_110_V_V  |    pointer   |
|tracks_111_V_V_TDATA      |  in |   32|    axis    |   tracks_111_V_V  |    pointer   |
|tracks_111_V_V_TVALID     |  in |    1|    axis    |   tracks_111_V_V  |    pointer   |
|tracks_111_V_V_TREADY     | out |    1|    axis    |   tracks_111_V_V  |    pointer   |
|tracks_112_V_V_TDATA      |  in |   32|    axis    |   tracks_112_V_V  |    pointer   |
|tracks_112_V_V_TVALID     |  in |    1|    axis    |   tracks_112_V_V  |    pointer   |
|tracks_112_V_V_TREADY     | out |    1|    axis    |   tracks_112_V_V  |    pointer   |
|tracks_113_V_V_TDATA      |  in |   32|    axis    |   tracks_113_V_V  |    pointer   |
|tracks_113_V_V_TVALID     |  in |    1|    axis    |   tracks_113_V_V  |    pointer   |
|tracks_113_V_V_TREADY     | out |    1|    axis    |   tracks_113_V_V  |    pointer   |
|tracks_114_V_V_TDATA      |  in |   32|    axis    |   tracks_114_V_V  |    pointer   |
|tracks_114_V_V_TVALID     |  in |    1|    axis    |   tracks_114_V_V  |    pointer   |
|tracks_114_V_V_TREADY     | out |    1|    axis    |   tracks_114_V_V  |    pointer   |
|tracks_115_V_V_TDATA      |  in |   32|    axis    |   tracks_115_V_V  |    pointer   |
|tracks_115_V_V_TVALID     |  in |    1|    axis    |   tracks_115_V_V  |    pointer   |
|tracks_115_V_V_TREADY     | out |    1|    axis    |   tracks_115_V_V  |    pointer   |
|tracks_116_V_V_TDATA      |  in |   32|    axis    |   tracks_116_V_V  |    pointer   |
|tracks_116_V_V_TVALID     |  in |    1|    axis    |   tracks_116_V_V  |    pointer   |
|tracks_116_V_V_TREADY     | out |    1|    axis    |   tracks_116_V_V  |    pointer   |
|tracks_117_V_V_TDATA      |  in |   32|    axis    |   tracks_117_V_V  |    pointer   |
|tracks_117_V_V_TVALID     |  in |    1|    axis    |   tracks_117_V_V  |    pointer   |
|tracks_117_V_V_TREADY     | out |    1|    axis    |   tracks_117_V_V  |    pointer   |
|tracks_118_V_V_TDATA      |  in |   32|    axis    |   tracks_118_V_V  |    pointer   |
|tracks_118_V_V_TVALID     |  in |    1|    axis    |   tracks_118_V_V  |    pointer   |
|tracks_118_V_V_TREADY     | out |    1|    axis    |   tracks_118_V_V  |    pointer   |
|tracks_119_V_V_TDATA      |  in |   32|    axis    |   tracks_119_V_V  |    pointer   |
|tracks_119_V_V_TVALID     |  in |    1|    axis    |   tracks_119_V_V  |    pointer   |
|tracks_119_V_V_TREADY     | out |    1|    axis    |   tracks_119_V_V  |    pointer   |
|tracks_120_V_V_TDATA      |  in |   32|    axis    |   tracks_120_V_V  |    pointer   |
|tracks_120_V_V_TVALID     |  in |    1|    axis    |   tracks_120_V_V  |    pointer   |
|tracks_120_V_V_TREADY     | out |    1|    axis    |   tracks_120_V_V  |    pointer   |
|tracks_121_V_V_TDATA      |  in |   32|    axis    |   tracks_121_V_V  |    pointer   |
|tracks_121_V_V_TVALID     |  in |    1|    axis    |   tracks_121_V_V  |    pointer   |
|tracks_121_V_V_TREADY     | out |    1|    axis    |   tracks_121_V_V  |    pointer   |
|tracks_122_V_V_TDATA      |  in |   32|    axis    |   tracks_122_V_V  |    pointer   |
|tracks_122_V_V_TVALID     |  in |    1|    axis    |   tracks_122_V_V  |    pointer   |
|tracks_122_V_V_TREADY     | out |    1|    axis    |   tracks_122_V_V  |    pointer   |
|tracks_123_V_V_TDATA      |  in |   32|    axis    |   tracks_123_V_V  |    pointer   |
|tracks_123_V_V_TVALID     |  in |    1|    axis    |   tracks_123_V_V  |    pointer   |
|tracks_123_V_V_TREADY     | out |    1|    axis    |   tracks_123_V_V  |    pointer   |
|tracks_124_V_V_TDATA      |  in |   32|    axis    |   tracks_124_V_V  |    pointer   |
|tracks_124_V_V_TVALID     |  in |    1|    axis    |   tracks_124_V_V  |    pointer   |
|tracks_124_V_V_TREADY     | out |    1|    axis    |   tracks_124_V_V  |    pointer   |
|tracks_125_V_V_TDATA      |  in |   32|    axis    |   tracks_125_V_V  |    pointer   |
|tracks_125_V_V_TVALID     |  in |    1|    axis    |   tracks_125_V_V  |    pointer   |
|tracks_125_V_V_TREADY     | out |    1|    axis    |   tracks_125_V_V  |    pointer   |
|tracks_126_V_V_TDATA      |  in |   32|    axis    |   tracks_126_V_V  |    pointer   |
|tracks_126_V_V_TVALID     |  in |    1|    axis    |   tracks_126_V_V  |    pointer   |
|tracks_126_V_V_TREADY     | out |    1|    axis    |   tracks_126_V_V  |    pointer   |
|tracks_127_V_V_TDATA      |  in |   32|    axis    |   tracks_127_V_V  |    pointer   |
|tracks_127_V_V_TVALID     |  in |    1|    axis    |   tracks_127_V_V  |    pointer   |
|tracks_127_V_V_TREADY     | out |    1|    axis    |   tracks_127_V_V  |    pointer   |
|layer12_out_0_V_V_TDATA   | out |   32|    axis    | layer12_out_0_V_V |    pointer   |
|layer12_out_0_V_V_TVALID  | out |    1|    axis    | layer12_out_0_V_V |    pointer   |
|layer12_out_0_V_V_TREADY  |  in |    1|    axis    | layer12_out_0_V_V |    pointer   |
|ap_clk                    |  in |    1| ap_ctrl_hs |     myproject     | return value |
|ap_rst_n                  |  in |    1| ap_ctrl_hs |     myproject     | return value |
|ap_start                  |  in |    1| ap_ctrl_hs |     myproject     | return value |
|ap_done                   | out |    1| ap_ctrl_hs |     myproject     | return value |
|ap_ready                  | out |    1| ap_ctrl_hs |     myproject     | return value |
|ap_idle                   | out |    1| ap_ctrl_hs |     myproject     | return value |
+--------------------------+-----+-----+------------+-------------------+--------------+

