

================================================================
== Vivado HLS Report for 'myproject'
================================================================
* Date:           Sun Oct 16 14:49:10 2022

* Version:        2019.2 (Build 2704478 on Wed Nov 06 22:10:23 MST 2019)
* Project:        myproject_prj
* Solution:       solution1
* Product family: zynquplus
* Target device:  xczu9eg-ffvb1156-2-e


================================================================
== Performance Estimates
================================================================
+ Timing: 
    * Summary: 
    +--------+---------+----------+------------+
    |  Clock |  Target | Estimated| Uncertainty|
    +--------+---------+----------+------------+
    |ap_clk  | 5.00 ns | 1.072 ns |   0.62 ns  |
    +--------+---------+----------+------------+

+ Latency: 
    * Summary: 
    +---------+---------+----------+----------+-----+-----+----------+
    |  Latency (cycles) |  Latency (absolute) |  Interval | Pipeline |
    |   min   |   max   |    min   |    max   | min | max |   Type   |
    +---------+---------+----------+----------+-----+-----+----------+
    |       60|       60| 0.300 us | 0.300 us |   61|   61| dataflow |
    +---------+---------+----------+----------+-----+-----+----------+

    + Detail: 
        * Instance: 
        +----------------------------------------------------+---------------------------------------------------+---------+---------+----------+----------+-----+-----+---------+
        |                                                    |                                                   |  Latency (cycles) |  Latency (absolute) |  Interval | Pipeline|
        |                      Instance                      |                       Module                      |   min   |   max   |    min   |    max   | min | max |   Type  |
        +----------------------------------------------------+---------------------------------------------------+---------+---------+----------+----------+-----+-----+---------+
        |clone_stream_switch_ap_fixed_ap_fixed_config103_U0  |clone_stream_switch_ap_fixed_ap_fixed_config103_s  |       60|       60| 0.300 us | 0.300 us |   60|   60|   none  |
        +----------------------------------------------------+---------------------------------------------------+---------+---------+----------+----------+-----+-----+---------+

        * Loop: 
        N/A



================================================================
== Utilization Estimates
================================================================
* Summary: 
+-----------------+---------+-------+--------+--------+-----+
|       Name      | BRAM_18K| DSP48E|   FF   |   LUT  | URAM|
+-----------------+---------+-------+--------+--------+-----+
|DSP              |        -|      -|       -|       -|    -|
|Expression       |        -|      -|       -|       -|    -|
|FIFO             |        -|      -|       -|       -|    -|
|Instance         |        -|      -|     207|     263|    -|
|Memory           |        -|      -|       -|       -|    -|
|Multiplexer      |        -|      -|       -|       -|    -|
|Register         |        -|      -|       -|       -|    -|
+-----------------+---------+-------+--------+--------+-----+
|Total            |        0|      0|     207|     263|    0|
+-----------------+---------+-------+--------+--------+-----+
|Available        |     1824|   2520|  548160|  274080|    0|
+-----------------+---------+-------+--------+--------+-----+
|Utilization (%)  |        0|      0|   ~0   |   ~0   |    0|
+-----------------+---------+-------+--------+--------+-----+

+ Detail: 
    * Instance: 
    +----------------------------------------------------+---------------------------------------------------+---------+-------+-----+-----+-----+
    |                      Instance                      |                       Module                      | BRAM_18K| DSP48E|  FF | LUT | URAM|
    +----------------------------------------------------+---------------------------------------------------+---------+-------+-----+-----+-----+
    |clone_stream_switch_ap_fixed_ap_fixed_config103_U0  |clone_stream_switch_ap_fixed_ap_fixed_config103_s  |        0|      0|  207|  263|    0|
    +----------------------------------------------------+---------------------------------------------------+---------+-------+-----+-----+-----+
    |Total                                               |                                                   |        0|      0|  207|  263|    0|
    +----------------------------------------------------+---------------------------------------------------+---------+-------+-----+-----+-----+

    * DSP48E: 
    N/A

    * Memory: 
    N/A

    * FIFO: 
    N/A

    * Expression: 
    N/A

    * Multiplexer: 
    N/A

    * Register: 
    N/A



================================================================
== Interface
================================================================
* Summary: 
+----------------------------+-----+-----+------------+---------------------+--------------+
|          RTL Ports         | Dir | Bits|  Protocol  |    Source Object    |    C Type    |
+----------------------------+-----+-----+------------+---------------------+--------------+
|tracks_0_V_V_TDATA          |  in |   32|    axis    |     tracks_0_V_V    |    pointer   |
|tracks_0_V_V_TVALID         |  in |    1|    axis    |     tracks_0_V_V    |    pointer   |
|tracks_0_V_V_TREADY         | out |    1|    axis    |     tracks_0_V_V    |    pointer   |
|tracks_1_V_V_TDATA          |  in |   32|    axis    |     tracks_1_V_V    |    pointer   |
|tracks_1_V_V_TVALID         |  in |    1|    axis    |     tracks_1_V_V    |    pointer   |
|tracks_1_V_V_TREADY         | out |    1|    axis    |     tracks_1_V_V    |    pointer   |
|tracks_2_V_V_TDATA          |  in |   32|    axis    |     tracks_2_V_V    |    pointer   |
|tracks_2_V_V_TVALID         |  in |    1|    axis    |     tracks_2_V_V    |    pointer   |
|tracks_2_V_V_TREADY         | out |    1|    axis    |     tracks_2_V_V    |    pointer   |
|tracks_3_V_V_TDATA          |  in |   32|    axis    |     tracks_3_V_V    |    pointer   |
|tracks_3_V_V_TVALID         |  in |    1|    axis    |     tracks_3_V_V    |    pointer   |
|tracks_3_V_V_TREADY         | out |    1|    axis    |     tracks_3_V_V    |    pointer   |
|tracks_4_V_V_TDATA          |  in |   32|    axis    |     tracks_4_V_V    |    pointer   |
|tracks_4_V_V_TVALID         |  in |    1|    axis    |     tracks_4_V_V    |    pointer   |
|tracks_4_V_V_TREADY         | out |    1|    axis    |     tracks_4_V_V    |    pointer   |
|tracks_5_V_V_TDATA          |  in |   32|    axis    |     tracks_5_V_V    |    pointer   |
|tracks_5_V_V_TVALID         |  in |    1|    axis    |     tracks_5_V_V    |    pointer   |
|tracks_5_V_V_TREADY         | out |    1|    axis    |     tracks_5_V_V    |    pointer   |
|layer103_cpy1_0_V_V_TDATA   | out |   32|    axis    | layer103_cpy1_0_V_V |    pointer   |
|layer103_cpy1_0_V_V_TVALID  | out |    1|    axis    | layer103_cpy1_0_V_V |    pointer   |
|layer103_cpy1_0_V_V_TREADY  |  in |    1|    axis    | layer103_cpy1_0_V_V |    pointer   |
|layer103_cpy1_1_V_V_TDATA   | out |   32|    axis    | layer103_cpy1_1_V_V |    pointer   |
|layer103_cpy1_1_V_V_TVALID  | out |    1|    axis    | layer103_cpy1_1_V_V |    pointer   |
|layer103_cpy1_1_V_V_TREADY  |  in |    1|    axis    | layer103_cpy1_1_V_V |    pointer   |
|layer103_cpy1_2_V_V_TDATA   | out |   32|    axis    | layer103_cpy1_2_V_V |    pointer   |
|layer103_cpy1_2_V_V_TVALID  | out |    1|    axis    | layer103_cpy1_2_V_V |    pointer   |
|layer103_cpy1_2_V_V_TREADY  |  in |    1|    axis    | layer103_cpy1_2_V_V |    pointer   |
|layer103_cpy1_3_V_V_TDATA   | out |   32|    axis    | layer103_cpy1_3_V_V |    pointer   |
|layer103_cpy1_3_V_V_TVALID  | out |    1|    axis    | layer103_cpy1_3_V_V |    pointer   |
|layer103_cpy1_3_V_V_TREADY  |  in |    1|    axis    | layer103_cpy1_3_V_V |    pointer   |
|layer103_cpy1_4_V_V_TDATA   | out |   32|    axis    | layer103_cpy1_4_V_V |    pointer   |
|layer103_cpy1_4_V_V_TVALID  | out |    1|    axis    | layer103_cpy1_4_V_V |    pointer   |
|layer103_cpy1_4_V_V_TREADY  |  in |    1|    axis    | layer103_cpy1_4_V_V |    pointer   |
|layer103_cpy1_5_V_V_TDATA   | out |   32|    axis    | layer103_cpy1_5_V_V |    pointer   |
|layer103_cpy1_5_V_V_TVALID  | out |    1|    axis    | layer103_cpy1_5_V_V |    pointer   |
|layer103_cpy1_5_V_V_TREADY  |  in |    1|    axis    | layer103_cpy1_5_V_V |    pointer   |
|layer103_cpy2_0_V_V_TDATA   | out |   32|    axis    | layer103_cpy2_0_V_V |    pointer   |
|layer103_cpy2_0_V_V_TVALID  | out |    1|    axis    | layer103_cpy2_0_V_V |    pointer   |
|layer103_cpy2_0_V_V_TREADY  |  in |    1|    axis    | layer103_cpy2_0_V_V |    pointer   |
|layer103_cpy2_1_V_V_TDATA   | out |   32|    axis    | layer103_cpy2_1_V_V |    pointer   |
|layer103_cpy2_1_V_V_TVALID  | out |    1|    axis    | layer103_cpy2_1_V_V |    pointer   |
|layer103_cpy2_1_V_V_TREADY  |  in |    1|    axis    | layer103_cpy2_1_V_V |    pointer   |
|layer103_cpy2_2_V_V_TDATA   | out |   32|    axis    | layer103_cpy2_2_V_V |    pointer   |
|layer103_cpy2_2_V_V_TVALID  | out |    1|    axis    | layer103_cpy2_2_V_V |    pointer   |
|layer103_cpy2_2_V_V_TREADY  |  in |    1|    axis    | layer103_cpy2_2_V_V |    pointer   |
|layer103_cpy2_3_V_V_TDATA   | out |   32|    axis    | layer103_cpy2_3_V_V |    pointer   |
|layer103_cpy2_3_V_V_TVALID  | out |    1|    axis    | layer103_cpy2_3_V_V |    pointer   |
|layer103_cpy2_3_V_V_TREADY  |  in |    1|    axis    | layer103_cpy2_3_V_V |    pointer   |
|layer103_cpy2_4_V_V_TDATA   | out |   32|    axis    | layer103_cpy2_4_V_V |    pointer   |
|layer103_cpy2_4_V_V_TVALID  | out |    1|    axis    | layer103_cpy2_4_V_V |    pointer   |
|layer103_cpy2_4_V_V_TREADY  |  in |    1|    axis    | layer103_cpy2_4_V_V |    pointer   |
|layer103_cpy2_5_V_V_TDATA   | out |   32|    axis    | layer103_cpy2_5_V_V |    pointer   |
|layer103_cpy2_5_V_V_TVALID  | out |    1|    axis    | layer103_cpy2_5_V_V |    pointer   |
|layer103_cpy2_5_V_V_TREADY  |  in |    1|    axis    | layer103_cpy2_5_V_V |    pointer   |
|ap_clk                      |  in |    1| ap_ctrl_hs |      myproject      | return value |
|ap_rst_n                    |  in |    1| ap_ctrl_hs |      myproject      | return value |
|ap_start                    |  in |    1| ap_ctrl_hs |      myproject      | return value |
|ap_done                     | out |    1| ap_ctrl_hs |      myproject      | return value |
|ap_ready                    | out |    1| ap_ctrl_hs |      myproject      | return value |
|ap_idle                     | out |    1| ap_ctrl_hs |      myproject      | return value |
+----------------------------+-----+-----+------------+---------------------+--------------+

