

================================================================
== Vivado HLS Report for 'sum1d_switch_ap_fixed_ap_fixed_32_16_5_3_0_config12_s'
================================================================
* Date:           Tue Oct 18 00:38:41 2022

* Version:        2019.2 (Build 2704478 on Wed Nov 06 22:10:23 MST 2019)
* Project:        myproject_prj
* Solution:       solution1
* Product family: zynquplus
* Target device:  xczu9eg-ffvb1156-2-e


================================================================
== Performance Estimates
================================================================
+ Timing: 
    * Summary: 
    +--------+---------+----------+------------+
    |  Clock |  Target | Estimated| Uncertainty|
    +--------+---------+----------+------------+
    |ap_clk  | 5.00 ns | 3.905 ns |   0.62 ns  |
    +--------+---------+----------+------------+

+ Latency: 
    * Summary: 
    +---------+---------+----------+----------+-----+-----+---------+
    |  Latency (cycles) |  Latency (absolute) |  Interval | Pipeline|
    |   min   |   max   |    min   |    max   | min | max |   Type  |
    +---------+---------+----------+----------+-----+-----+---------+
    |      319|      319| 1.595 us | 1.595 us |  319|  319|   none  |
    +---------+---------+----------+----------+-----+-----+---------+

    + Detail: 
        * Instance: 
        N/A

        * Loop: 
        +----------+---------+---------+----------+-----------+-----------+------+----------+
        |          |  Latency (cycles) | Iteration|  Initiation Interval  | Trip |          |
        | Loop Name|   min   |   max   |  Latency |  achieved |   target  | Count| Pipelined|
        +----------+---------+---------+----------+-----------+-----------+------+----------+
        |- Loop 1  |      128|      128|         1|          -|          -|   128|    no    |
        |- Loop 2  |       57|       57|         1|          1|          1|    57|    yes   |
        |- Loop 3  |      129|      129|         3|          1|          1|   128|    yes   |
        +----------+---------+---------+----------+-----------+-----------+------+----------+



================================================================
== Utilization Estimates
================================================================
* Summary: 
+-----------------+---------+-------+--------+--------+-----+
|       Name      | BRAM_18K| DSP48E|   FF   |   LUT  | URAM|
+-----------------+---------+-------+--------+--------+-----+
|DSP              |        -|      -|       -|       -|    -|
|Expression       |        -|      -|       0|   42633|    -|
|FIFO             |        -|      -|       -|       -|    -|
|Instance         |        -|      -|       -|       -|    -|
|Memory           |        -|      -|       -|       -|    -|
|Multiplexer      |        -|      -|       -|    1262|    -|
|Register         |        -|      -|    8258|       -|    -|
+-----------------+---------+-------+--------+--------+-----+
|Total            |        0|      0|    8258|   43895|    0|
+-----------------+---------+-------+--------+--------+-----+
|Available        |     1824|   2520|  548160|  274080|    0|
+-----------------+---------+-------+--------+--------+-----+
|Utilization (%)  |        0|      0|       1|      16|    0|
+-----------------+---------+-------+--------+--------+-----+

+ Detail: 
    * Instance: 
    N/A

    * DSP48E: 
    N/A

    * Memory: 
    N/A

    * FIFO: 
    N/A

    * Expression: 
    +---------------------------+----------+-------+---+------+------------+------------+
    |       Variable Name       | Operation| DSP48E| FF|  LUT | Bitwidth P0| Bitwidth P1|
    +---------------------------+----------+-------+---+------+------------+------------+
    |add_ln703_100_fu_3403_p2   |     +    |      0|  0|    39|          32|          32|
    |add_ln703_101_fu_3419_p2   |     +    |      0|  0|    39|          32|          32|
    |add_ln703_102_fu_3435_p2   |     +    |      0|  0|    39|          32|          32|
    |add_ln703_103_fu_3451_p2   |     +    |      0|  0|    39|          32|          32|
    |add_ln703_104_fu_3467_p2   |     +    |      0|  0|    39|          32|          32|
    |add_ln703_105_fu_3483_p2   |     +    |      0|  0|    39|          32|          32|
    |add_ln703_106_fu_3499_p2   |     +    |      0|  0|    39|          32|          32|
    |add_ln703_107_fu_3515_p2   |     +    |      0|  0|    39|          32|          32|
    |add_ln703_108_fu_3531_p2   |     +    |      0|  0|    39|          32|          32|
    |add_ln703_109_fu_3547_p2   |     +    |      0|  0|    39|          32|          32|
    |add_ln703_10_fu_1963_p2    |     +    |      0|  0|    39|          32|          32|
    |add_ln703_110_fu_3563_p2   |     +    |      0|  0|    39|          32|          32|
    |add_ln703_111_fu_3579_p2   |     +    |      0|  0|    39|          32|          32|
    |add_ln703_112_fu_3595_p2   |     +    |      0|  0|    39|          32|          32|
    |add_ln703_113_fu_3611_p2   |     +    |      0|  0|    39|          32|          32|
    |add_ln703_114_fu_3627_p2   |     +    |      0|  0|    39|          32|          32|
    |add_ln703_115_fu_3643_p2   |     +    |      0|  0|    39|          32|          32|
    |add_ln703_116_fu_3659_p2   |     +    |      0|  0|    39|          32|          32|
    |add_ln703_117_fu_3675_p2   |     +    |      0|  0|    39|          32|          32|
    |add_ln703_118_fu_3691_p2   |     +    |      0|  0|    39|          32|          32|
    |add_ln703_119_fu_3707_p2   |     +    |      0|  0|    39|          32|          32|
    |add_ln703_11_fu_1979_p2    |     +    |      0|  0|    39|          32|          32|
    |add_ln703_120_fu_3723_p2   |     +    |      0|  0|    39|          32|          32|
    |add_ln703_121_fu_3739_p2   |     +    |      0|  0|    39|          32|          32|
    |add_ln703_122_fu_3755_p2   |     +    |      0|  0|    39|          32|          32|
    |add_ln703_123_fu_3771_p2   |     +    |      0|  0|    39|          32|          32|
    |add_ln703_124_fu_3787_p2   |     +    |      0|  0|    39|          32|          32|
    |add_ln703_125_fu_3803_p2   |     +    |      0|  0|    39|          32|          32|
    |add_ln703_126_fu_3819_p2   |     +    |      0|  0|    39|          32|          32|
    |add_ln703_127_fu_3835_p2   |     +    |      0|  0|    39|          32|          32|
    |add_ln703_12_fu_1995_p2    |     +    |      0|  0|    39|          32|          32|
    |add_ln703_13_fu_2011_p2    |     +    |      0|  0|    39|          32|          32|
    |add_ln703_14_fu_2027_p2    |     +    |      0|  0|    39|          32|          32|
    |add_ln703_15_fu_2043_p2    |     +    |      0|  0|    39|          32|          32|
    |add_ln703_16_fu_2059_p2    |     +    |      0|  0|    39|          32|          32|
    |add_ln703_17_fu_2075_p2    |     +    |      0|  0|    39|          32|          32|
    |add_ln703_18_fu_2091_p2    |     +    |      0|  0|    39|          32|          32|
    |add_ln703_19_fu_2107_p2    |     +    |      0|  0|    39|          32|          32|
    |add_ln703_1_fu_1819_p2     |     +    |      0|  0|    39|          32|          32|
    |add_ln703_20_fu_2123_p2    |     +    |      0|  0|    39|          32|          32|
    |add_ln703_21_fu_2139_p2    |     +    |      0|  0|    39|          32|          32|
    |add_ln703_22_fu_2155_p2    |     +    |      0|  0|    39|          32|          32|
    |add_ln703_23_fu_2171_p2    |     +    |      0|  0|    39|          32|          32|
    |add_ln703_24_fu_2187_p2    |     +    |      0|  0|    39|          32|          32|
    |add_ln703_25_fu_2203_p2    |     +    |      0|  0|    39|          32|          32|
    |add_ln703_26_fu_2219_p2    |     +    |      0|  0|    39|          32|          32|
    |add_ln703_27_fu_2235_p2    |     +    |      0|  0|    39|          32|          32|
    |add_ln703_28_fu_2251_p2    |     +    |      0|  0|    39|          32|          32|
    |add_ln703_29_fu_2267_p2    |     +    |      0|  0|    39|          32|          32|
    |add_ln703_2_fu_1835_p2     |     +    |      0|  0|    39|          32|          32|
    |add_ln703_30_fu_2283_p2    |     +    |      0|  0|    39|          32|          32|
    |add_ln703_31_fu_2299_p2    |     +    |      0|  0|    39|          32|          32|
    |add_ln703_32_fu_2315_p2    |     +    |      0|  0|    39|          32|          32|
    |add_ln703_33_fu_2331_p2    |     +    |      0|  0|    39|          32|          32|
    |add_ln703_34_fu_2347_p2    |     +    |      0|  0|    39|          32|          32|
    |add_ln703_35_fu_2363_p2    |     +    |      0|  0|    39|          32|          32|
    |add_ln703_36_fu_2379_p2    |     +    |      0|  0|    39|          32|          32|
    |add_ln703_37_fu_2395_p2    |     +    |      0|  0|    39|          32|          32|
    |add_ln703_38_fu_2411_p2    |     +    |      0|  0|    39|          32|          32|
    |add_ln703_39_fu_2427_p2    |     +    |      0|  0|    39|          32|          32|
    |add_ln703_3_fu_1851_p2     |     +    |      0|  0|    39|          32|          32|
    |add_ln703_40_fu_2443_p2    |     +    |      0|  0|    39|          32|          32|
    |add_ln703_41_fu_2459_p2    |     +    |      0|  0|    39|          32|          32|
    |add_ln703_42_fu_2475_p2    |     +    |      0|  0|    39|          32|          32|
    |add_ln703_43_fu_2491_p2    |     +    |      0|  0|    39|          32|          32|
    |add_ln703_44_fu_2507_p2    |     +    |      0|  0|    39|          32|          32|
    |add_ln703_45_fu_2523_p2    |     +    |      0|  0|    39|          32|          32|
    |add_ln703_46_fu_2539_p2    |     +    |      0|  0|    39|          32|          32|
    |add_ln703_47_fu_2555_p2    |     +    |      0|  0|    39|          32|          32|
    |add_ln703_48_fu_2571_p2    |     +    |      0|  0|    39|          32|          32|
    |add_ln703_49_fu_2587_p2    |     +    |      0|  0|    39|          32|          32|
    |add_ln703_4_fu_1867_p2     |     +    |      0|  0|    39|          32|          32|
    |add_ln703_50_fu_2603_p2    |     +    |      0|  0|    39|          32|          32|
    |add_ln703_51_fu_2619_p2    |     +    |      0|  0|    39|          32|          32|
    |add_ln703_52_fu_2635_p2    |     +    |      0|  0|    39|          32|          32|
    |add_ln703_53_fu_2651_p2    |     +    |      0|  0|    39|          32|          32|
    |add_ln703_54_fu_2667_p2    |     +    |      0|  0|    39|          32|          32|
    |add_ln703_55_fu_2683_p2    |     +    |      0|  0|    39|          32|          32|
    |add_ln703_56_fu_2699_p2    |     +    |      0|  0|    39|          32|          32|
    |add_ln703_57_fu_2715_p2    |     +    |      0|  0|    39|          32|          32|
    |add_ln703_58_fu_2731_p2    |     +    |      0|  0|    39|          32|          32|
    |add_ln703_59_fu_2747_p2    |     +    |      0|  0|    39|          32|          32|
    |add_ln703_5_fu_1883_p2     |     +    |      0|  0|    39|          32|          32|
    |add_ln703_60_fu_2763_p2    |     +    |      0|  0|    39|          32|          32|
    |add_ln703_61_fu_2779_p2    |     +    |      0|  0|    39|          32|          32|
    |add_ln703_62_fu_2795_p2    |     +    |      0|  0|    39|          32|          32|
    |add_ln703_63_fu_2811_p2    |     +    |      0|  0|    39|          32|          32|
    |add_ln703_64_fu_2827_p2    |     +    |      0|  0|    39|          32|          32|
    |add_ln703_65_fu_2843_p2    |     +    |      0|  0|    39|          32|          32|
    |add_ln703_66_fu_2859_p2    |     +    |      0|  0|    39|          32|          32|
    |add_ln703_67_fu_2875_p2    |     +    |      0|  0|    39|          32|          32|
    |add_ln703_68_fu_2891_p2    |     +    |      0|  0|    39|          32|          32|
    |add_ln703_69_fu_2907_p2    |     +    |      0|  0|    39|          32|          32|
    |add_ln703_6_fu_1899_p2     |     +    |      0|  0|    39|          32|          32|
    |add_ln703_70_fu_2923_p2    |     +    |      0|  0|    39|          32|          32|
    |add_ln703_71_fu_2939_p2    |     +    |      0|  0|    39|          32|          32|
    |add_ln703_72_fu_2955_p2    |     +    |      0|  0|    39|          32|          32|
    |add_ln703_73_fu_2971_p2    |     +    |      0|  0|    39|          32|          32|
    |add_ln703_74_fu_2987_p2    |     +    |      0|  0|    39|          32|          32|
    |add_ln703_75_fu_3003_p2    |     +    |      0|  0|    39|          32|          32|
    |add_ln703_76_fu_3019_p2    |     +    |      0|  0|    39|          32|          32|
    |add_ln703_77_fu_3035_p2    |     +    |      0|  0|    39|          32|          32|
    |add_ln703_78_fu_3051_p2    |     +    |      0|  0|    39|          32|          32|
    |add_ln703_79_fu_3067_p2    |     +    |      0|  0|    39|          32|          32|
    |add_ln703_7_fu_1915_p2     |     +    |      0|  0|    39|          32|          32|
    |add_ln703_80_fu_3083_p2    |     +    |      0|  0|    39|          32|          32|
    |add_ln703_81_fu_3099_p2    |     +    |      0|  0|    39|          32|          32|
    |add_ln703_82_fu_3115_p2    |     +    |      0|  0|    39|          32|          32|
    |add_ln703_83_fu_3131_p2    |     +    |      0|  0|    39|          32|          32|
    |add_ln703_84_fu_3147_p2    |     +    |      0|  0|    39|          32|          32|
    |add_ln703_85_fu_3163_p2    |     +    |      0|  0|    39|          32|          32|
    |add_ln703_86_fu_3179_p2    |     +    |      0|  0|    39|          32|          32|
    |add_ln703_87_fu_3195_p2    |     +    |      0|  0|    39|          32|          32|
    |add_ln703_88_fu_3211_p2    |     +    |      0|  0|    39|          32|          32|
    |add_ln703_89_fu_3227_p2    |     +    |      0|  0|    39|          32|          32|
    |add_ln703_8_fu_1931_p2     |     +    |      0|  0|    39|          32|          32|
    |add_ln703_90_fu_3243_p2    |     +    |      0|  0|    39|          32|          32|
    |add_ln703_91_fu_3259_p2    |     +    |      0|  0|    39|          32|          32|
    |add_ln703_92_fu_3275_p2    |     +    |      0|  0|    39|          32|          32|
    |add_ln703_93_fu_3291_p2    |     +    |      0|  0|    39|          32|          32|
    |add_ln703_94_fu_3307_p2    |     +    |      0|  0|    39|          32|          32|
    |add_ln703_95_fu_3323_p2    |     +    |      0|  0|    39|          32|          32|
    |add_ln703_96_fu_3339_p2    |     +    |      0|  0|    39|          32|          32|
    |add_ln703_97_fu_3355_p2    |     +    |      0|  0|    39|          32|          32|
    |add_ln703_98_fu_3371_p2    |     +    |      0|  0|    39|          32|          32|
    |add_ln703_99_fu_3387_p2    |     +    |      0|  0|    39|          32|          32|
    |add_ln703_9_fu_1947_p2     |     +    |      0|  0|    39|          32|          32|
    |add_ln703_fu_1803_p2       |     +    |      0|  0|    39|          32|          32|
    |i_1_fu_1793_p2             |     +    |      0|  0|    15|           6|           1|
    |i_2_fu_4107_p2             |     +    |      0|  0|    15|           8|           1|
    |i_fu_1669_p2               |     +    |      0|  0|    15|           8|           1|
    |sub_ln176_1_fu_4167_p2     |     -    |      0|  0|    20|          13|          13|
    |sub_ln176_2_fu_4197_p2     |     -    |      0|  0|    20|          12|          13|
    |sub_ln176_fu_4155_p2       |     -    |      0|  0|    20|          13|          13|
    |and_ln176_fu_4223_p2       |    and   |      0|  0|  4096|        4096|        4096|
    |and_ln203_1_fu_1769_p2     |    and   |      0|  0|  4096|        4096|        4096|
    |and_ln203_2_fu_1775_p2     |    and   |      0|  0|  4096|           1|        4096|
    |and_ln203_fu_1757_p2       |    and   |      0|  0|  4096|        4096|        4096|
    |ap_block_state6_io         |    and   |      0|  0|     2|           1|           1|
    |ap_block_state7_io         |    and   |      0|  0|     2|           1|           1|
    |icmp_ln176_fu_4131_p2      |   icmp   |      0|  0|    13|          12|          12|
    |icmp_ln203_fu_1693_p2      |   icmp   |      0|  0|    13|          12|          12|
    |icmp_ln439_fu_1663_p2      |   icmp   |      0|  0|    13|           8|           9|
    |icmp_ln441_fu_1787_p2      |   icmp   |      0|  0|    11|           6|           4|
    |icmp_ln452_fu_4101_p2      |   icmp   |      0|  0|    13|           8|           9|
    |lshr_ln176_1_fu_4217_p2    |   lshr   |      0|  0|  2171|           2|        4096|
    |lshr_ln176_fu_4211_p2      |   lshr   |      0|  0|  2171|        4096|        4096|
    |lshr_ln203_fu_1751_p2      |   lshr   |      0|  0|  2171|           2|        4096|
    |ap_block_pp1_stage0_11001  |    or    |      0|  0|     2|           1|           1|
    |ap_block_state1            |    or    |      0|  0|     2|           1|           1|
    |ap_block_state3            |    or    |      0|  0|     2|           1|           1|
    |empty_4_fu_1687_p2         |    or    |      0|  0|    12|          12|           5|
    |empty_9_fu_4125_p2         |    or    |      0|  0|    12|          12|           5|
    |out_data_V_fu_1781_p2      |    or    |      0|  0|  4096|           1|        4096|
    |select_ln176_1_fu_4181_p3  |  select  |      0|  0|  4095|           1|        4096|
    |select_ln176_2_fu_4189_p3  |  select  |      0|  0|    13|           1|          13|
    |select_ln176_fu_4173_p3    |  select  |      0|  0|    13|           1|          13|
    |select_ln203_1_fu_1715_p3  |  select  |      0|  0|    13|           1|          13|
    |select_ln203_2_fu_1737_p3  |  select  |      0|  0|     2|           1|           1|
    |select_ln203_fu_1707_p3    |  select  |      0|  0|    13|           1|          13|
    |shl_ln203_fu_1745_p2       |    shl   |      0|  0|  2171|           2|        4096|
    |ap_enable_pp1              |    xor   |      0|  0|     2|           1|           2|
    |ap_enable_reg_pp1_iter1    |    xor   |      0|  0|     2|           2|           1|
    |xor_ln176_fu_4161_p2       |    xor   |      0|  0|    13|          13|          12|
    |xor_ln203_1_fu_1763_p2     |    xor   |      0|  0|  4096|           2|        4096|
    |xor_ln203_fu_1723_p2       |    xor   |      0|  0|    13|          13|          12|
    +---------------------------+----------+-------+---+------+------------+------------+
    |Total                      |          |      0|  0| 42633|       20660|       49335|
    +---------------------------+----------+-------+---+------+------------+------------+

    * Multiplexer: 
    +--------------------------+----+-----------+------+-----------+
    |           Name           | LUT| Input Size| Bits | Total Bits|
    +--------------------------+----+-----------+------+-----------+
    |ap_NS_fsm                 |  38|          7|     1|          7|
    |ap_done                   |   9|          2|     1|          2|
    |ap_enable_reg_pp1_iter1   |   9|          2|     1|          2|
    |ap_enable_reg_pp1_iter2   |   9|          2|     1|          2|
    |data_0_V_V_TDATA_blk_n    |   9|          2|     1|          2|
    |data_100_V_V_TDATA_blk_n  |   9|          2|     1|          2|
    |data_101_V_V_TDATA_blk_n  |   9|          2|     1|          2|
    |data_102_V_V_TDATA_blk_n  |   9|          2|     1|          2|
    |data_103_V_V_TDATA_blk_n  |   9|          2|     1|          2|
    |data_104_V_V_TDATA_blk_n  |   9|          2|     1|          2|
    |data_105_V_V_TDATA_blk_n  |   9|          2|     1|          2|
    |data_106_V_V_TDATA_blk_n  |   9|          2|     1|          2|
    |data_107_V_V_TDATA_blk_n  |   9|          2|     1|          2|
    |data_108_V_V_TDATA_blk_n  |   9|          2|     1|          2|
    |data_109_V_V_TDATA_blk_n  |   9|          2|     1|          2|
    |data_10_V_V_TDATA_blk_n   |   9|          2|     1|          2|
    |data_110_V_V_TDATA_blk_n  |   9|          2|     1|          2|
    |data_111_V_V_TDATA_blk_n  |   9|          2|     1|          2|
    |data_112_V_V_TDATA_blk_n  |   9|          2|     1|          2|
    |data_113_V_V_TDATA_blk_n  |   9|          2|     1|          2|
    |data_114_V_V_TDATA_blk_n  |   9|          2|     1|          2|
    |data_115_V_V_TDATA_blk_n  |   9|          2|     1|          2|
    |data_116_V_V_TDATA_blk_n  |   9|          2|     1|          2|
    |data_117_V_V_TDATA_blk_n  |   9|          2|     1|          2|
    |data_118_V_V_TDATA_blk_n  |   9|          2|     1|          2|
    |data_119_V_V_TDATA_blk_n  |   9|          2|     1|          2|
    |data_11_V_V_TDATA_blk_n   |   9|          2|     1|          2|
    |data_120_V_V_TDATA_blk_n  |   9|          2|     1|          2|
    |data_121_V_V_TDATA_blk_n  |   9|          2|     1|          2|
    |data_122_V_V_TDATA_blk_n  |   9|          2|     1|          2|
    |data_123_V_V_TDATA_blk_n  |   9|          2|     1|          2|
    |data_124_V_V_TDATA_blk_n  |   9|          2|     1|          2|
    |data_125_V_V_TDATA_blk_n  |   9|          2|     1|          2|
    |data_126_V_V_TDATA_blk_n  |   9|          2|     1|          2|
    |data_127_V_V_TDATA_blk_n  |   9|          2|     1|          2|
    |data_12_V_V_TDATA_blk_n   |   9|          2|     1|          2|
    |data_13_V_V_TDATA_blk_n   |   9|          2|     1|          2|
    |data_14_V_V_TDATA_blk_n   |   9|          2|     1|          2|
    |data_15_V_V_TDATA_blk_n   |   9|          2|     1|          2|
    |data_16_V_V_TDATA_blk_n   |   9|          2|     1|          2|
    |data_17_V_V_TDATA_blk_n   |   9|          2|     1|          2|
    |data_18_V_V_TDATA_blk_n   |   9|          2|     1|          2|
    |data_19_V_V_TDATA_blk_n   |   9|          2|     1|          2|
    |data_1_V_V_TDATA_blk_n    |   9|          2|     1|          2|
    |data_20_V_V_TDATA_blk_n   |   9|          2|     1|          2|
    |data_21_V_V_TDATA_blk_n   |   9|          2|     1|          2|
    |data_22_V_V_TDATA_blk_n   |   9|          2|     1|          2|
    |data_23_V_V_TDATA_blk_n   |   9|          2|     1|          2|
    |data_24_V_V_TDATA_blk_n   |   9|          2|     1|          2|
    |data_25_V_V_TDATA_blk_n   |   9|          2|     1|          2|
    |data_26_V_V_TDATA_blk_n   |   9|          2|     1|          2|
    |data_27_V_V_TDATA_blk_n   |   9|          2|     1|          2|
    |data_28_V_V_TDATA_blk_n   |   9|          2|     1|          2|
    |data_29_V_V_TDATA_blk_n   |   9|          2|     1|          2|
    |data_2_V_V_TDATA_blk_n    |   9|          2|     1|          2|
    |data_30_V_V_TDATA_blk_n   |   9|          2|     1|          2|
    |data_31_V_V_TDATA_blk_n   |   9|          2|     1|          2|
    |data_32_V_V_TDATA_blk_n   |   9|          2|     1|          2|
    |data_33_V_V_TDATA_blk_n   |   9|          2|     1|          2|
    |data_34_V_V_TDATA_blk_n   |   9|          2|     1|          2|
    |data_35_V_V_TDATA_blk_n   |   9|          2|     1|          2|
    |data_36_V_V_TDATA_blk_n   |   9|          2|     1|          2|
    |data_37_V_V_TDATA_blk_n   |   9|          2|     1|          2|
    |data_38_V_V_TDATA_blk_n   |   9|          2|     1|          2|
    |data_39_V_V_TDATA_blk_n   |   9|          2|     1|          2|
    |data_3_V_V_TDATA_blk_n    |   9|          2|     1|          2|
    |data_40_V_V_TDATA_blk_n   |   9|          2|     1|          2|
    |data_41_V_V_TDATA_blk_n   |   9|          2|     1|          2|
    |data_42_V_V_TDATA_blk_n   |   9|          2|     1|          2|
    |data_43_V_V_TDATA_blk_n   |   9|          2|     1|          2|
    |data_44_V_V_TDATA_blk_n   |   9|          2|     1|          2|
    |data_45_V_V_TDATA_blk_n   |   9|          2|     1|          2|
    |data_46_V_V_TDATA_blk_n   |   9|          2|     1|          2|
    |data_47_V_V_TDATA_blk_n   |   9|          2|     1|          2|
    |data_48_V_V_TDATA_blk_n   |   9|          2|     1|          2|
    |data_49_V_V_TDATA_blk_n   |   9|          2|     1|          2|
    |data_4_V_V_TDATA_blk_n    |   9|          2|     1|          2|
    |data_50_V_V_TDATA_blk_n   |   9|          2|     1|          2|
    |data_51_V_V_TDATA_blk_n   |   9|          2|     1|          2|
    |data_52_V_V_TDATA_blk_n   |   9|          2|     1|          2|
    |data_53_V_V_TDATA_blk_n   |   9|          2|     1|          2|
    |data_54_V_V_TDATA_blk_n   |   9|          2|     1|          2|
    |data_55_V_V_TDATA_blk_n   |   9|          2|     1|          2|
    |data_56_V_V_TDATA_blk_n   |   9|          2|     1|          2|
    |data_57_V_V_TDATA_blk_n   |   9|          2|     1|          2|
    |data_58_V_V_TDATA_blk_n   |   9|          2|     1|          2|
    |data_59_V_V_TDATA_blk_n   |   9|          2|     1|          2|
    |data_5_V_V_TDATA_blk_n    |   9|          2|     1|          2|
    |data_60_V_V_TDATA_blk_n   |   9|          2|     1|          2|
    |data_61_V_V_TDATA_blk_n   |   9|          2|     1|          2|
    |data_62_V_V_TDATA_blk_n   |   9|          2|     1|          2|
    |data_63_V_V_TDATA_blk_n   |   9|          2|     1|          2|
    |data_64_V_V_TDATA_blk_n   |   9|          2|     1|          2|
    |data_65_V_V_TDATA_blk_n   |   9|          2|     1|          2|
    |data_66_V_V_TDATA_blk_n   |   9|          2|     1|          2|
    |data_67_V_V_TDATA_blk_n   |   9|          2|     1|          2|
    |data_68_V_V_TDATA_blk_n   |   9|          2|     1|          2|
    |data_69_V_V_TDATA_blk_n   |   9|          2|     1|          2|
    |data_6_V_V_TDATA_blk_n    |   9|          2|     1|          2|
    |data_70_V_V_TDATA_blk_n   |   9|          2|     1|          2|
    |data_71_V_V_TDATA_blk_n   |   9|          2|     1|          2|
    |data_72_V_V_TDATA_blk_n   |   9|          2|     1|          2|
    |data_73_V_V_TDATA_blk_n   |   9|          2|     1|          2|
    |data_74_V_V_TDATA_blk_n   |   9|          2|     1|          2|
    |data_75_V_V_TDATA_blk_n   |   9|          2|     1|          2|
    |data_76_V_V_TDATA_blk_n   |   9|          2|     1|          2|
    |data_77_V_V_TDATA_blk_n   |   9|          2|     1|          2|
    |data_78_V_V_TDATA_blk_n   |   9|          2|     1|          2|
    |data_79_V_V_TDATA_blk_n   |   9|          2|     1|          2|
    |data_7_V_V_TDATA_blk_n    |   9|          2|     1|          2|
    |data_80_V_V_TDATA_blk_n   |   9|          2|     1|          2|
    |data_81_V_V_TDATA_blk_n   |   9|          2|     1|          2|
    |data_82_V_V_TDATA_blk_n   |   9|          2|     1|          2|
    |data_83_V_V_TDATA_blk_n   |   9|          2|     1|          2|
    |data_84_V_V_TDATA_blk_n   |   9|          2|     1|          2|
    |data_85_V_V_TDATA_blk_n   |   9|          2|     1|          2|
    |data_86_V_V_TDATA_blk_n   |   9|          2|     1|          2|
    |data_87_V_V_TDATA_blk_n   |   9|          2|     1|          2|
    |data_88_V_V_TDATA_blk_n   |   9|          2|     1|          2|
    |data_89_V_V_TDATA_blk_n   |   9|          2|     1|          2|
    |data_8_V_V_TDATA_blk_n    |   9|          2|     1|          2|
    |data_90_V_V_TDATA_blk_n   |   9|          2|     1|          2|
    |data_91_V_V_TDATA_blk_n   |   9|          2|     1|          2|
    |data_92_V_V_TDATA_blk_n   |   9|          2|     1|          2|
    |data_93_V_V_TDATA_blk_n   |   9|          2|     1|          2|
    |data_94_V_V_TDATA_blk_n   |   9|          2|     1|          2|
    |data_95_V_V_TDATA_blk_n   |   9|          2|     1|          2|
    |data_96_V_V_TDATA_blk_n   |   9|          2|     1|          2|
    |data_97_V_V_TDATA_blk_n   |   9|          2|     1|          2|
    |data_98_V_V_TDATA_blk_n   |   9|          2|     1|          2|
    |data_99_V_V_TDATA_blk_n   |   9|          2|     1|          2|
    |data_9_V_V_TDATA_blk_n    |   9|          2|     1|          2|
    |i1_0_i_reg_1641           |   9|          2|     6|         12|
    |i2_0_i_reg_1652           |   9|          2|     8|         16|
    |i_0_i_reg_1619            |   9|          2|     8|         16|
    |out_data_V_1_reg_1630     |   9|          2|  4096|       8192|
    |res_V_V_TDATA_blk_n       |   9|          2|     1|          2|
    +--------------------------+----+-----------+------+-----------+
    |Total                     |1262|        279|  4251|       8507|
    +--------------------------+----+-----------+------+-----------+

    * Register: 
    +-----------------------------------+------+----+------+-----------+
    |                Name               |  FF  | LUT| Bits | Const Bits|
    +-----------------------------------+------+----+------+-----------+
    |ap_CS_fsm                          |     6|   0|     6|          0|
    |ap_done_reg                        |     1|   0|     1|          0|
    |ap_enable_reg_pp1_iter0            |     1|   0|     1|          0|
    |ap_enable_reg_pp1_iter1            |     1|   0|     1|          0|
    |ap_enable_reg_pp1_iter2            |     1|   0|     1|          0|
    |i1_0_i_reg_1641                    |     6|   0|     6|          0|
    |i2_0_i_reg_1652                    |     8|   0|     8|          0|
    |i_0_i_reg_1619                     |     8|   0|     8|          0|
    |icmp_ln452_reg_4260                |     1|   0|     1|          0|
    |icmp_ln452_reg_4260_pp1_iter1_reg  |     1|   0|     1|          0|
    |out_data_V_0_reg_1607              |  4096|   0|  4096|          0|
    |out_data_V_1_reg_1630              |  4096|   0|  4096|          0|
    |tmp_V_128_reg_4269                 |    32|   0|    32|          0|
    +-----------------------------------+------+----+------+-----------+
    |Total                              |  8258|   0|  8258|          0|
    +-----------------------------------+------+----+------+-----------+



================================================================
== Interface
================================================================
* Summary: 
+---------------------+-----+-----+------------+-------------------------------------------------------+--------------+
|      RTL Ports      | Dir | Bits|  Protocol  |                     Source Object                     |    C Type    |
+---------------------+-----+-----+------------+-------------------------------------------------------+--------------+
|ap_clk               |  in |    1| ap_ctrl_hs | sum1d_switch<ap_fixed,ap_fixed<32,16,5,3,0>,config12> | return value |
|ap_rst               |  in |    1| ap_ctrl_hs | sum1d_switch<ap_fixed,ap_fixed<32,16,5,3,0>,config12> | return value |
|ap_start             |  in |    1| ap_ctrl_hs | sum1d_switch<ap_fixed,ap_fixed<32,16,5,3,0>,config12> | return value |
|ap_done              | out |    1| ap_ctrl_hs | sum1d_switch<ap_fixed,ap_fixed<32,16,5,3,0>,config12> | return value |
|ap_continue          |  in |    1| ap_ctrl_hs | sum1d_switch<ap_fixed,ap_fixed<32,16,5,3,0>,config12> | return value |
|ap_idle              | out |    1| ap_ctrl_hs | sum1d_switch<ap_fixed,ap_fixed<32,16,5,3,0>,config12> | return value |
|ap_ready             | out |    1| ap_ctrl_hs | sum1d_switch<ap_fixed,ap_fixed<32,16,5,3,0>,config12> | return value |
|data_0_V_V_TDATA     |  in |   32|    axis    |                       data_0_V_V                      |    pointer   |
|data_0_V_V_TVALID    |  in |    1|    axis    |                       data_0_V_V                      |    pointer   |
|data_0_V_V_TREADY    | out |    1|    axis    |                       data_0_V_V                      |    pointer   |
|data_1_V_V_TDATA     |  in |   32|    axis    |                       data_1_V_V                      |    pointer   |
|data_1_V_V_TVALID    |  in |    1|    axis    |                       data_1_V_V                      |    pointer   |
|data_1_V_V_TREADY    | out |    1|    axis    |                       data_1_V_V                      |    pointer   |
|data_2_V_V_TDATA     |  in |   32|    axis    |                       data_2_V_V                      |    pointer   |
|data_2_V_V_TVALID    |  in |    1|    axis    |                       data_2_V_V                      |    pointer   |
|data_2_V_V_TREADY    | out |    1|    axis    |                       data_2_V_V                      |    pointer   |
|data_3_V_V_TDATA     |  in |   32|    axis    |                       data_3_V_V                      |    pointer   |
|data_3_V_V_TVALID    |  in |    1|    axis    |                       data_3_V_V                      |    pointer   |
|data_3_V_V_TREADY    | out |    1|    axis    |                       data_3_V_V                      |    pointer   |
|data_4_V_V_TDATA     |  in |   32|    axis    |                       data_4_V_V                      |    pointer   |
|data_4_V_V_TVALID    |  in |    1|    axis    |                       data_4_V_V                      |    pointer   |
|data_4_V_V_TREADY    | out |    1|    axis    |                       data_4_V_V                      |    pointer   |
|data_5_V_V_TDATA     |  in |   32|    axis    |                       data_5_V_V                      |    pointer   |
|data_5_V_V_TVALID    |  in |    1|    axis    |                       data_5_V_V                      |    pointer   |
|data_5_V_V_TREADY    | out |    1|    axis    |                       data_5_V_V                      |    pointer   |
|data_6_V_V_TDATA     |  in |   32|    axis    |                       data_6_V_V                      |    pointer   |
|data_6_V_V_TVALID    |  in |    1|    axis    |                       data_6_V_V                      |    pointer   |
|data_6_V_V_TREADY    | out |    1|    axis    |                       data_6_V_V                      |    pointer   |
|data_7_V_V_TDATA     |  in |   32|    axis    |                       data_7_V_V                      |    pointer   |
|data_7_V_V_TVALID    |  in |    1|    axis    |                       data_7_V_V                      |    pointer   |
|data_7_V_V_TREADY    | out |    1|    axis    |                       data_7_V_V                      |    pointer   |
|data_8_V_V_TDATA     |  in |   32|    axis    |                       data_8_V_V                      |    pointer   |
|data_8_V_V_TVALID    |  in |    1|    axis    |                       data_8_V_V                      |    pointer   |
|data_8_V_V_TREADY    | out |    1|    axis    |                       data_8_V_V                      |    pointer   |
|data_9_V_V_TDATA     |  in |   32|    axis    |                       data_9_V_V                      |    pointer   |
|data_9_V_V_TVALID    |  in |    1|    axis    |                       data_9_V_V                      |    pointer   |
|data_9_V_V_TREADY    | out |    1|    axis    |                       data_9_V_V                      |    pointer   |
|data_10_V_V_TDATA    |  in |   32|    axis    |                      data_10_V_V                      |    pointer   |
|data_10_V_V_TVALID   |  in |    1|    axis    |                      data_10_V_V                      |    pointer   |
|data_10_V_V_TREADY   | out |    1|    axis    |                      data_10_V_V                      |    pointer   |
|data_11_V_V_TDATA    |  in |   32|    axis    |                      data_11_V_V                      |    pointer   |
|data_11_V_V_TVALID   |  in |    1|    axis    |                      data_11_V_V                      |    pointer   |
|data_11_V_V_TREADY   | out |    1|    axis    |                      data_11_V_V                      |    pointer   |
|data_12_V_V_TDATA    |  in |   32|    axis    |                      data_12_V_V                      |    pointer   |
|data_12_V_V_TVALID   |  in |    1|    axis    |                      data_12_V_V                      |    pointer   |
|data_12_V_V_TREADY   | out |    1|    axis    |                      data_12_V_V                      |    pointer   |
|data_13_V_V_TDATA    |  in |   32|    axis    |                      data_13_V_V                      |    pointer   |
|data_13_V_V_TVALID   |  in |    1|    axis    |                      data_13_V_V                      |    pointer   |
|data_13_V_V_TREADY   | out |    1|    axis    |                      data_13_V_V                      |    pointer   |
|data_14_V_V_TDATA    |  in |   32|    axis    |                      data_14_V_V                      |    pointer   |
|data_14_V_V_TVALID   |  in |    1|    axis    |                      data_14_V_V                      |    pointer   |
|data_14_V_V_TREADY   | out |    1|    axis    |                      data_14_V_V                      |    pointer   |
|data_15_V_V_TDATA    |  in |   32|    axis    |                      data_15_V_V                      |    pointer   |
|data_15_V_V_TVALID   |  in |    1|    axis    |                      data_15_V_V                      |    pointer   |
|data_15_V_V_TREADY   | out |    1|    axis    |                      data_15_V_V                      |    pointer   |
|data_16_V_V_TDATA    |  in |   32|    axis    |                      data_16_V_V                      |    pointer   |
|data_16_V_V_TVALID   |  in |    1|    axis    |                      data_16_V_V                      |    pointer   |
|data_16_V_V_TREADY   | out |    1|    axis    |                      data_16_V_V                      |    pointer   |
|data_17_V_V_TDATA    |  in |   32|    axis    |                      data_17_V_V                      |    pointer   |
|data_17_V_V_TVALID   |  in |    1|    axis    |                      data_17_V_V                      |    pointer   |
|data_17_V_V_TREADY   | out |    1|    axis    |                      data_17_V_V                      |    pointer   |
|data_18_V_V_TDATA    |  in |   32|    axis    |                      data_18_V_V                      |    pointer   |
|data_18_V_V_TVALID   |  in |    1|    axis    |                      data_18_V_V                      |    pointer   |
|data_18_V_V_TREADY   | out |    1|    axis    |                      data_18_V_V                      |    pointer   |
|data_19_V_V_TDATA    |  in |   32|    axis    |                      data_19_V_V                      |    pointer   |
|data_19_V_V_TVALID   |  in |    1|    axis    |                      data_19_V_V                      |    pointer   |
|data_19_V_V_TREADY   | out |    1|    axis    |                      data_19_V_V                      |    pointer   |
|data_20_V_V_TDATA    |  in |   32|    axis    |                      data_20_V_V                      |    pointer   |
|data_20_V_V_TVALID   |  in |    1|    axis    |                      data_20_V_V                      |    pointer   |
|data_20_V_V_TREADY   | out |    1|    axis    |                      data_20_V_V                      |    pointer   |
|data_21_V_V_TDATA    |  in |   32|    axis    |                      data_21_V_V                      |    pointer   |
|data_21_V_V_TVALID   |  in |    1|    axis    |                      data_21_V_V                      |    pointer   |
|data_21_V_V_TREADY   | out |    1|    axis    |                      data_21_V_V                      |    pointer   |
|data_22_V_V_TDATA    |  in |   32|    axis    |                      data_22_V_V                      |    pointer   |
|data_22_V_V_TVALID   |  in |    1|    axis    |                      data_22_V_V                      |    pointer   |
|data_22_V_V_TREADY   | out |    1|    axis    |                      data_22_V_V                      |    pointer   |
|data_23_V_V_TDATA    |  in |   32|    axis    |                      data_23_V_V                      |    pointer   |
|data_23_V_V_TVALID   |  in |    1|    axis    |                      data_23_V_V                      |    pointer   |
|data_23_V_V_TREADY   | out |    1|    axis    |                      data_23_V_V                      |    pointer   |
|data_24_V_V_TDATA    |  in |   32|    axis    |                      data_24_V_V                      |    pointer   |
|data_24_V_V_TVALID   |  in |    1|    axis    |                      data_24_V_V                      |    pointer   |
|data_24_V_V_TREADY   | out |    1|    axis    |                      data_24_V_V                      |    pointer   |
|data_25_V_V_TDATA    |  in |   32|    axis    |                      data_25_V_V                      |    pointer   |
|data_25_V_V_TVALID   |  in |    1|    axis    |                      data_25_V_V                      |    pointer   |
|data_25_V_V_TREADY   | out |    1|    axis    |                      data_25_V_V                      |    pointer   |
|data_26_V_V_TDATA    |  in |   32|    axis    |                      data_26_V_V                      |    pointer   |
|data_26_V_V_TVALID   |  in |    1|    axis    |                      data_26_V_V                      |    pointer   |
|data_26_V_V_TREADY   | out |    1|    axis    |                      data_26_V_V                      |    pointer   |
|data_27_V_V_TDATA    |  in |   32|    axis    |                      data_27_V_V                      |    pointer   |
|data_27_V_V_TVALID   |  in |    1|    axis    |                      data_27_V_V                      |    pointer   |
|data_27_V_V_TREADY   | out |    1|    axis    |                      data_27_V_V                      |    pointer   |
|data_28_V_V_TDATA    |  in |   32|    axis    |                      data_28_V_V                      |    pointer   |
|data_28_V_V_TVALID   |  in |    1|    axis    |                      data_28_V_V                      |    pointer   |
|data_28_V_V_TREADY   | out |    1|    axis    |                      data_28_V_V                      |    pointer   |
|data_29_V_V_TDATA    |  in |   32|    axis    |                      data_29_V_V                      |    pointer   |
|data_29_V_V_TVALID   |  in |    1|    axis    |                      data_29_V_V                      |    pointer   |
|data_29_V_V_TREADY   | out |    1|    axis    |                      data_29_V_V                      |    pointer   |
|data_30_V_V_TDATA    |  in |   32|    axis    |                      data_30_V_V                      |    pointer   |
|data_30_V_V_TVALID   |  in |    1|    axis    |                      data_30_V_V                      |    pointer   |
|data_30_V_V_TREADY   | out |    1|    axis    |                      data_30_V_V                      |    pointer   |
|data_31_V_V_TDATA    |  in |   32|    axis    |                      data_31_V_V                      |    pointer   |
|data_31_V_V_TVALID   |  in |    1|    axis    |                      data_31_V_V                      |    pointer   |
|data_31_V_V_TREADY   | out |    1|    axis    |                      data_31_V_V                      |    pointer   |
|data_32_V_V_TDATA    |  in |   32|    axis    |                      data_32_V_V                      |    pointer   |
|data_32_V_V_TVALID   |  in |    1|    axis    |                      data_32_V_V                      |    pointer   |
|data_32_V_V_TREADY   | out |    1|    axis    |                      data_32_V_V                      |    pointer   |
|data_33_V_V_TDATA    |  in |   32|    axis    |                      data_33_V_V                      |    pointer   |
|data_33_V_V_TVALID   |  in |    1|    axis    |                      data_33_V_V                      |    pointer   |
|data_33_V_V_TREADY   | out |    1|    axis    |                      data_33_V_V                      |    pointer   |
|data_34_V_V_TDATA    |  in |   32|    axis    |                      data_34_V_V                      |    pointer   |
|data_34_V_V_TVALID   |  in |    1|    axis    |                      data_34_V_V                      |    pointer   |
|data_34_V_V_TREADY   | out |    1|    axis    |                      data_34_V_V                      |    pointer   |
|data_35_V_V_TDATA    |  in |   32|    axis    |                      data_35_V_V                      |    pointer   |
|data_35_V_V_TVALID   |  in |    1|    axis    |                      data_35_V_V                      |    pointer   |
|data_35_V_V_TREADY   | out |    1|    axis    |                      data_35_V_V                      |    pointer   |
|data_36_V_V_TDATA    |  in |   32|    axis    |                      data_36_V_V                      |    pointer   |
|data_36_V_V_TVALID   |  in |    1|    axis    |                      data_36_V_V                      |    pointer   |
|data_36_V_V_TREADY   | out |    1|    axis    |                      data_36_V_V                      |    pointer   |
|data_37_V_V_TDATA    |  in |   32|    axis    |                      data_37_V_V                      |    pointer   |
|data_37_V_V_TVALID   |  in |    1|    axis    |                      data_37_V_V                      |    pointer   |
|data_37_V_V_TREADY   | out |    1|    axis    |                      data_37_V_V                      |    pointer   |
|data_38_V_V_TDATA    |  in |   32|    axis    |                      data_38_V_V                      |    pointer   |
|data_38_V_V_TVALID   |  in |    1|    axis    |                      data_38_V_V                      |    pointer   |
|data_38_V_V_TREADY   | out |    1|    axis    |                      data_38_V_V                      |    pointer   |
|data_39_V_V_TDATA    |  in |   32|    axis    |                      data_39_V_V                      |    pointer   |
|data_39_V_V_TVALID   |  in |    1|    axis    |                      data_39_V_V                      |    pointer   |
|data_39_V_V_TREADY   | out |    1|    axis    |                      data_39_V_V                      |    pointer   |
|data_40_V_V_TDATA    |  in |   32|    axis    |                      data_40_V_V                      |    pointer   |
|data_40_V_V_TVALID   |  in |    1|    axis    |                      data_40_V_V                      |    pointer   |
|data_40_V_V_TREADY   | out |    1|    axis    |                      data_40_V_V                      |    pointer   |
|data_41_V_V_TDATA    |  in |   32|    axis    |                      data_41_V_V                      |    pointer   |
|data_41_V_V_TVALID   |  in |    1|    axis    |                      data_41_V_V                      |    pointer   |
|data_41_V_V_TREADY   | out |    1|    axis    |                      data_41_V_V                      |    pointer   |
|data_42_V_V_TDATA    |  in |   32|    axis    |                      data_42_V_V                      |    pointer   |
|data_42_V_V_TVALID   |  in |    1|    axis    |                      data_42_V_V                      |    pointer   |
|data_42_V_V_TREADY   | out |    1|    axis    |                      data_42_V_V                      |    pointer   |
|data_43_V_V_TDATA    |  in |   32|    axis    |                      data_43_V_V                      |    pointer   |
|data_43_V_V_TVALID   |  in |    1|    axis    |                      data_43_V_V                      |    pointer   |
|data_43_V_V_TREADY   | out |    1|    axis    |                      data_43_V_V                      |    pointer   |
|data_44_V_V_TDATA    |  in |   32|    axis    |                      data_44_V_V                      |    pointer   |
|data_44_V_V_TVALID   |  in |    1|    axis    |                      data_44_V_V                      |    pointer   |
|data_44_V_V_TREADY   | out |    1|    axis    |                      data_44_V_V                      |    pointer   |
|data_45_V_V_TDATA    |  in |   32|    axis    |                      data_45_V_V                      |    pointer   |
|data_45_V_V_TVALID   |  in |    1|    axis    |                      data_45_V_V                      |    pointer   |
|data_45_V_V_TREADY   | out |    1|    axis    |                      data_45_V_V                      |    pointer   |
|data_46_V_V_TDATA    |  in |   32|    axis    |                      data_46_V_V                      |    pointer   |
|data_46_V_V_TVALID   |  in |    1|    axis    |                      data_46_V_V                      |    pointer   |
|data_46_V_V_TREADY   | out |    1|    axis    |                      data_46_V_V                      |    pointer   |
|data_47_V_V_TDATA    |  in |   32|    axis    |                      data_47_V_V                      |    pointer   |
|data_47_V_V_TVALID   |  in |    1|    axis    |                      data_47_V_V                      |    pointer   |
|data_47_V_V_TREADY   | out |    1|    axis    |                      data_47_V_V                      |    pointer   |
|data_48_V_V_TDATA    |  in |   32|    axis    |                      data_48_V_V                      |    pointer   |
|data_48_V_V_TVALID   |  in |    1|    axis    |                      data_48_V_V                      |    pointer   |
|data_48_V_V_TREADY   | out |    1|    axis    |                      data_48_V_V                      |    pointer   |
|data_49_V_V_TDATA    |  in |   32|    axis    |                      data_49_V_V                      |    pointer   |
|data_49_V_V_TVALID   |  in |    1|    axis    |                      data_49_V_V                      |    pointer   |
|data_49_V_V_TREADY   | out |    1|    axis    |                      data_49_V_V                      |    pointer   |
|data_50_V_V_TDATA    |  in |   32|    axis    |                      data_50_V_V                      |    pointer   |
|data_50_V_V_TVALID   |  in |    1|    axis    |                      data_50_V_V                      |    pointer   |
|data_50_V_V_TREADY   | out |    1|    axis    |                      data_50_V_V                      |    pointer   |
|data_51_V_V_TDATA    |  in |   32|    axis    |                      data_51_V_V                      |    pointer   |
|data_51_V_V_TVALID   |  in |    1|    axis    |                      data_51_V_V                      |    pointer   |
|data_51_V_V_TREADY   | out |    1|    axis    |                      data_51_V_V                      |    pointer   |
|data_52_V_V_TDATA    |  in |   32|    axis    |                      data_52_V_V                      |    pointer   |
|data_52_V_V_TVALID   |  in |    1|    axis    |                      data_52_V_V                      |    pointer   |
|data_52_V_V_TREADY   | out |    1|    axis    |                      data_52_V_V                      |    pointer   |
|data_53_V_V_TDATA    |  in |   32|    axis    |                      data_53_V_V                      |    pointer   |
|data_53_V_V_TVALID   |  in |    1|    axis    |                      data_53_V_V                      |    pointer   |
|data_53_V_V_TREADY   | out |    1|    axis    |                      data_53_V_V                      |    pointer   |
|data_54_V_V_TDATA    |  in |   32|    axis    |                      data_54_V_V                      |    pointer   |
|data_54_V_V_TVALID   |  in |    1|    axis    |                      data_54_V_V                      |    pointer   |
|data_54_V_V_TREADY   | out |    1|    axis    |                      data_54_V_V                      |    pointer   |
|data_55_V_V_TDATA    |  in |   32|    axis    |                      data_55_V_V                      |    pointer   |
|data_55_V_V_TVALID   |  in |    1|    axis    |                      data_55_V_V                      |    pointer   |
|data_55_V_V_TREADY   | out |    1|    axis    |                      data_55_V_V                      |    pointer   |
|data_56_V_V_TDATA    |  in |   32|    axis    |                      data_56_V_V                      |    pointer   |
|data_56_V_V_TVALID   |  in |    1|    axis    |                      data_56_V_V                      |    pointer   |
|data_56_V_V_TREADY   | out |    1|    axis    |                      data_56_V_V                      |    pointer   |
|data_57_V_V_TDATA    |  in |   32|    axis    |                      data_57_V_V                      |    pointer   |
|data_57_V_V_TVALID   |  in |    1|    axis    |                      data_57_V_V                      |    pointer   |
|data_57_V_V_TREADY   | out |    1|    axis    |                      data_57_V_V                      |    pointer   |
|data_58_V_V_TDATA    |  in |   32|    axis    |                      data_58_V_V                      |    pointer   |
|data_58_V_V_TVALID   |  in |    1|    axis    |                      data_58_V_V                      |    pointer   |
|data_58_V_V_TREADY   | out |    1|    axis    |                      data_58_V_V                      |    pointer   |
|data_59_V_V_TDATA    |  in |   32|    axis    |                      data_59_V_V                      |    pointer   |
|data_59_V_V_TVALID   |  in |    1|    axis    |                      data_59_V_V                      |    pointer   |
|data_59_V_V_TREADY   | out |    1|    axis    |                      data_59_V_V                      |    pointer   |
|data_60_V_V_TDATA    |  in |   32|    axis    |                      data_60_V_V                      |    pointer   |
|data_60_V_V_TVALID   |  in |    1|    axis    |                      data_60_V_V                      |    pointer   |
|data_60_V_V_TREADY   | out |    1|    axis    |                      data_60_V_V                      |    pointer   |
|data_61_V_V_TDATA    |  in |   32|    axis    |                      data_61_V_V                      |    pointer   |
|data_61_V_V_TVALID   |  in |    1|    axis    |                      data_61_V_V                      |    pointer   |
|data_61_V_V_TREADY   | out |    1|    axis    |                      data_61_V_V                      |    pointer   |
|data_62_V_V_TDATA    |  in |   32|    axis    |                      data_62_V_V                      |    pointer   |
|data_62_V_V_TVALID   |  in |    1|    axis    |                      data_62_V_V                      |    pointer   |
|data_62_V_V_TREADY   | out |    1|    axis    |                      data_62_V_V                      |    pointer   |
|data_63_V_V_TDATA    |  in |   32|    axis    |                      data_63_V_V                      |    pointer   |
|data_63_V_V_TVALID   |  in |    1|    axis    |                      data_63_V_V                      |    pointer   |
|data_63_V_V_TREADY   | out |    1|    axis    |                      data_63_V_V                      |    pointer   |
|data_64_V_V_TDATA    |  in |   32|    axis    |                      data_64_V_V                      |    pointer   |
|data_64_V_V_TVALID   |  in |    1|    axis    |                      data_64_V_V                      |    pointer   |
|data_64_V_V_TREADY   | out |    1|    axis    |                      data_64_V_V                      |    pointer   |
|data_65_V_V_TDATA    |  in |   32|    axis    |                      data_65_V_V                      |    pointer   |
|data_65_V_V_TVALID   |  in |    1|    axis    |                      data_65_V_V                      |    pointer   |
|data_65_V_V_TREADY   | out |    1|    axis    |                      data_65_V_V                      |    pointer   |
|data_66_V_V_TDATA    |  in |   32|    axis    |                      data_66_V_V                      |    pointer   |
|data_66_V_V_TVALID   |  in |    1|    axis    |                      data_66_V_V                      |    pointer   |
|data_66_V_V_TREADY   | out |    1|    axis    |                      data_66_V_V                      |    pointer   |
|data_67_V_V_TDATA    |  in |   32|    axis    |                      data_67_V_V                      |    pointer   |
|data_67_V_V_TVALID   |  in |    1|    axis    |                      data_67_V_V                      |    pointer   |
|data_67_V_V_TREADY   | out |    1|    axis    |                      data_67_V_V                      |    pointer   |
|data_68_V_V_TDATA    |  in |   32|    axis    |                      data_68_V_V                      |    pointer   |
|data_68_V_V_TVALID   |  in |    1|    axis    |                      data_68_V_V                      |    pointer   |
|data_68_V_V_TREADY   | out |    1|    axis    |                      data_68_V_V                      |    pointer   |
|data_69_V_V_TDATA    |  in |   32|    axis    |                      data_69_V_V                      |    pointer   |
|data_69_V_V_TVALID   |  in |    1|    axis    |                      data_69_V_V                      |    pointer   |
|data_69_V_V_TREADY   | out |    1|    axis    |                      data_69_V_V                      |    pointer   |
|data_70_V_V_TDATA    |  in |   32|    axis    |                      data_70_V_V                      |    pointer   |
|data_70_V_V_TVALID   |  in |    1|    axis    |                      data_70_V_V                      |    pointer   |
|data_70_V_V_TREADY   | out |    1|    axis    |                      data_70_V_V                      |    pointer   |
|data_71_V_V_TDATA    |  in |   32|    axis    |                      data_71_V_V                      |    pointer   |
|data_71_V_V_TVALID   |  in |    1|    axis    |                      data_71_V_V                      |    pointer   |
|data_71_V_V_TREADY   | out |    1|    axis    |                      data_71_V_V                      |    pointer   |
|data_72_V_V_TDATA    |  in |   32|    axis    |                      data_72_V_V                      |    pointer   |
|data_72_V_V_TVALID   |  in |    1|    axis    |                      data_72_V_V                      |    pointer   |
|data_72_V_V_TREADY   | out |    1|    axis    |                      data_72_V_V                      |    pointer   |
|data_73_V_V_TDATA    |  in |   32|    axis    |                      data_73_V_V                      |    pointer   |
|data_73_V_V_TVALID   |  in |    1|    axis    |                      data_73_V_V                      |    pointer   |
|data_73_V_V_TREADY   | out |    1|    axis    |                      data_73_V_V                      |    pointer   |
|data_74_V_V_TDATA    |  in |   32|    axis    |                      data_74_V_V                      |    pointer   |
|data_74_V_V_TVALID   |  in |    1|    axis    |                      data_74_V_V                      |    pointer   |
|data_74_V_V_TREADY   | out |    1|    axis    |                      data_74_V_V                      |    pointer   |
|data_75_V_V_TDATA    |  in |   32|    axis    |                      data_75_V_V                      |    pointer   |
|data_75_V_V_TVALID   |  in |    1|    axis    |                      data_75_V_V                      |    pointer   |
|data_75_V_V_TREADY   | out |    1|    axis    |                      data_75_V_V                      |    pointer   |
|data_76_V_V_TDATA    |  in |   32|    axis    |                      data_76_V_V                      |    pointer   |
|data_76_V_V_TVALID   |  in |    1|    axis    |                      data_76_V_V                      |    pointer   |
|data_76_V_V_TREADY   | out |    1|    axis    |                      data_76_V_V                      |    pointer   |
|data_77_V_V_TDATA    |  in |   32|    axis    |                      data_77_V_V                      |    pointer   |
|data_77_V_V_TVALID   |  in |    1|    axis    |                      data_77_V_V                      |    pointer   |
|data_77_V_V_TREADY   | out |    1|    axis    |                      data_77_V_V                      |    pointer   |
|data_78_V_V_TDATA    |  in |   32|    axis    |                      data_78_V_V                      |    pointer   |
|data_78_V_V_TVALID   |  in |    1|    axis    |                      data_78_V_V                      |    pointer   |
|data_78_V_V_TREADY   | out |    1|    axis    |                      data_78_V_V                      |    pointer   |
|data_79_V_V_TDATA    |  in |   32|    axis    |                      data_79_V_V                      |    pointer   |
|data_79_V_V_TVALID   |  in |    1|    axis    |                      data_79_V_V                      |    pointer   |
|data_79_V_V_TREADY   | out |    1|    axis    |                      data_79_V_V                      |    pointer   |
|data_80_V_V_TDATA    |  in |   32|    axis    |                      data_80_V_V                      |    pointer   |
|data_80_V_V_TVALID   |  in |    1|    axis    |                      data_80_V_V                      |    pointer   |
|data_80_V_V_TREADY   | out |    1|    axis    |                      data_80_V_V                      |    pointer   |
|data_81_V_V_TDATA    |  in |   32|    axis    |                      data_81_V_V                      |    pointer   |
|data_81_V_V_TVALID   |  in |    1|    axis    |                      data_81_V_V                      |    pointer   |
|data_81_V_V_TREADY   | out |    1|    axis    |                      data_81_V_V                      |    pointer   |
|data_82_V_V_TDATA    |  in |   32|    axis    |                      data_82_V_V                      |    pointer   |
|data_82_V_V_TVALID   |  in |    1|    axis    |                      data_82_V_V                      |    pointer   |
|data_82_V_V_TREADY   | out |    1|    axis    |                      data_82_V_V                      |    pointer   |
|data_83_V_V_TDATA    |  in |   32|    axis    |                      data_83_V_V                      |    pointer   |
|data_83_V_V_TVALID   |  in |    1|    axis    |                      data_83_V_V                      |    pointer   |
|data_83_V_V_TREADY   | out |    1|    axis    |                      data_83_V_V                      |    pointer   |
|data_84_V_V_TDATA    |  in |   32|    axis    |                      data_84_V_V                      |    pointer   |
|data_84_V_V_TVALID   |  in |    1|    axis    |                      data_84_V_V                      |    pointer   |
|data_84_V_V_TREADY   | out |    1|    axis    |                      data_84_V_V                      |    pointer   |
|data_85_V_V_TDATA    |  in |   32|    axis    |                      data_85_V_V                      |    pointer   |
|data_85_V_V_TVALID   |  in |    1|    axis    |                      data_85_V_V                      |    pointer   |
|data_85_V_V_TREADY   | out |    1|    axis    |                      data_85_V_V                      |    pointer   |
|data_86_V_V_TDATA    |  in |   32|    axis    |                      data_86_V_V                      |    pointer   |
|data_86_V_V_TVALID   |  in |    1|    axis    |                      data_86_V_V                      |    pointer   |
|data_86_V_V_TREADY   | out |    1|    axis    |                      data_86_V_V                      |    pointer   |
|data_87_V_V_TDATA    |  in |   32|    axis    |                      data_87_V_V                      |    pointer   |
|data_87_V_V_TVALID   |  in |    1|    axis    |                      data_87_V_V                      |    pointer   |
|data_87_V_V_TREADY   | out |    1|    axis    |                      data_87_V_V                      |    pointer   |
|data_88_V_V_TDATA    |  in |   32|    axis    |                      data_88_V_V                      |    pointer   |
|data_88_V_V_TVALID   |  in |    1|    axis    |                      data_88_V_V                      |    pointer   |
|data_88_V_V_TREADY   | out |    1|    axis    |                      data_88_V_V                      |    pointer   |
|data_89_V_V_TDATA    |  in |   32|    axis    |                      data_89_V_V                      |    pointer   |
|data_89_V_V_TVALID   |  in |    1|    axis    |                      data_89_V_V                      |    pointer   |
|data_89_V_V_TREADY   | out |    1|    axis    |                      data_89_V_V                      |    pointer   |
|data_90_V_V_TDATA    |  in |   32|    axis    |                      data_90_V_V                      |    pointer   |
|data_90_V_V_TVALID   |  in |    1|    axis    |                      data_90_V_V                      |    pointer   |
|data_90_V_V_TREADY   | out |    1|    axis    |                      data_90_V_V                      |    pointer   |
|data_91_V_V_TDATA    |  in |   32|    axis    |                      data_91_V_V                      |    pointer   |
|data_91_V_V_TVALID   |  in |    1|    axis    |                      data_91_V_V                      |    pointer   |
|data_91_V_V_TREADY   | out |    1|    axis    |                      data_91_V_V                      |    pointer   |
|data_92_V_V_TDATA    |  in |   32|    axis    |                      data_92_V_V                      |    pointer   |
|data_92_V_V_TVALID   |  in |    1|    axis    |                      data_92_V_V                      |    pointer   |
|data_92_V_V_TREADY   | out |    1|    axis    |                      data_92_V_V                      |    pointer   |
|data_93_V_V_TDATA    |  in |   32|    axis    |                      data_93_V_V                      |    pointer   |
|data_93_V_V_TVALID   |  in |    1|    axis    |                      data_93_V_V                      |    pointer   |
|data_93_V_V_TREADY   | out |    1|    axis    |                      data_93_V_V                      |    pointer   |
|data_94_V_V_TDATA    |  in |   32|    axis    |                      data_94_V_V                      |    pointer   |
|data_94_V_V_TVALID   |  in |    1|    axis    |                      data_94_V_V                      |    pointer   |
|data_94_V_V_TREADY   | out |    1|    axis    |                      data_94_V_V                      |    pointer   |
|data_95_V_V_TDATA    |  in |   32|    axis    |                      data_95_V_V                      |    pointer   |
|data_95_V_V_TVALID   |  in |    1|    axis    |                      data_95_V_V                      |    pointer   |
|data_95_V_V_TREADY   | out |    1|    axis    |                      data_95_V_V                      |    pointer   |
|data_96_V_V_TDATA    |  in |   32|    axis    |                      data_96_V_V                      |    pointer   |
|data_96_V_V_TVALID   |  in |    1|    axis    |                      data_96_V_V                      |    pointer   |
|data_96_V_V_TREADY   | out |    1|    axis    |                      data_96_V_V                      |    pointer   |
|data_97_V_V_TDATA    |  in |   32|    axis    |                      data_97_V_V                      |    pointer   |
|data_97_V_V_TVALID   |  in |    1|    axis    |                      data_97_V_V                      |    pointer   |
|data_97_V_V_TREADY   | out |    1|    axis    |                      data_97_V_V                      |    pointer   |
|data_98_V_V_TDATA    |  in |   32|    axis    |                      data_98_V_V                      |    pointer   |
|data_98_V_V_TVALID   |  in |    1|    axis    |                      data_98_V_V                      |    pointer   |
|data_98_V_V_TREADY   | out |    1|    axis    |                      data_98_V_V                      |    pointer   |
|data_99_V_V_TDATA    |  in |   32|    axis    |                      data_99_V_V                      |    pointer   |
|data_99_V_V_TVALID   |  in |    1|    axis    |                      data_99_V_V                      |    pointer   |
|data_99_V_V_TREADY   | out |    1|    axis    |                      data_99_V_V                      |    pointer   |
|data_100_V_V_TDATA   |  in |   32|    axis    |                      data_100_V_V                     |    pointer   |
|data_100_V_V_TVALID  |  in |    1|    axis    |                      data_100_V_V                     |    pointer   |
|data_100_V_V_TREADY  | out |    1|    axis    |                      data_100_V_V                     |    pointer   |
|data_101_V_V_TDATA   |  in |   32|    axis    |                      data_101_V_V                     |    pointer   |
|data_101_V_V_TVALID  |  in |    1|    axis    |                      data_101_V_V                     |    pointer   |
|data_101_V_V_TREADY  | out |    1|    axis    |                      data_101_V_V                     |    pointer   |
|data_102_V_V_TDATA   |  in |   32|    axis    |                      data_102_V_V                     |    pointer   |
|data_102_V_V_TVALID  |  in |    1|    axis    |                      data_102_V_V                     |    pointer   |
|data_102_V_V_TREADY  | out |    1|    axis    |                      data_102_V_V                     |    pointer   |
|data_103_V_V_TDATA   |  in |   32|    axis    |                      data_103_V_V                     |    pointer   |
|data_103_V_V_TVALID  |  in |    1|    axis    |                      data_103_V_V                     |    pointer   |
|data_103_V_V_TREADY  | out |    1|    axis    |                      data_103_V_V                     |    pointer   |
|data_104_V_V_TDATA   |  in |   32|    axis    |                      data_104_V_V                     |    pointer   |
|data_104_V_V_TVALID  |  in |    1|    axis    |                      data_104_V_V                     |    pointer   |
|data_104_V_V_TREADY  | out |    1|    axis    |                      data_104_V_V                     |    pointer   |
|data_105_V_V_TDATA   |  in |   32|    axis    |                      data_105_V_V                     |    pointer   |
|data_105_V_V_TVALID  |  in |    1|    axis    |                      data_105_V_V                     |    pointer   |
|data_105_V_V_TREADY  | out |    1|    axis    |                      data_105_V_V                     |    pointer   |
|data_106_V_V_TDATA   |  in |   32|    axis    |                      data_106_V_V                     |    pointer   |
|data_106_V_V_TVALID  |  in |    1|    axis    |                      data_106_V_V                     |    pointer   |
|data_106_V_V_TREADY  | out |    1|    axis    |                      data_106_V_V                     |    pointer   |
|data_107_V_V_TDATA   |  in |   32|    axis    |                      data_107_V_V                     |    pointer   |
|data_107_V_V_TVALID  |  in |    1|    axis    |                      data_107_V_V                     |    pointer   |
|data_107_V_V_TREADY  | out |    1|    axis    |                      data_107_V_V                     |    pointer   |
|data_108_V_V_TDATA   |  in |   32|    axis    |                      data_108_V_V                     |    pointer   |
|data_108_V_V_TVALID  |  in |    1|    axis    |                      data_108_V_V                     |    pointer   |
|data_108_V_V_TREADY  | out |    1|    axis    |                      data_108_V_V                     |    pointer   |
|data_109_V_V_TDATA   |  in |   32|    axis    |                      data_109_V_V                     |    pointer   |
|data_109_V_V_TVALID  |  in |    1|    axis    |                      data_109_V_V                     |    pointer   |
|data_109_V_V_TREADY  | out |    1|    axis    |                      data_109_V_V                     |    pointer   |
|data_110_V_V_TDATA   |  in |   32|    axis    |                      data_110_V_V                     |    pointer   |
|data_110_V_V_TVALID  |  in |    1|    axis    |                      data_110_V_V                     |    pointer   |
|data_110_V_V_TREADY  | out |    1|    axis    |                      data_110_V_V                     |    pointer   |
|data_111_V_V_TDATA   |  in |   32|    axis    |                      data_111_V_V                     |    pointer   |
|data_111_V_V_TVALID  |  in |    1|    axis    |                      data_111_V_V                     |    pointer   |
|data_111_V_V_TREADY  | out |    1|    axis    |                      data_111_V_V                     |    pointer   |
|data_112_V_V_TDATA   |  in |   32|    axis    |                      data_112_V_V                     |    pointer   |
|data_112_V_V_TVALID  |  in |    1|    axis    |                      data_112_V_V                     |    pointer   |
|data_112_V_V_TREADY  | out |    1|    axis    |                      data_112_V_V                     |    pointer   |
|data_113_V_V_TDATA   |  in |   32|    axis    |                      data_113_V_V                     |    pointer   |
|data_113_V_V_TVALID  |  in |    1|    axis    |                      data_113_V_V                     |    pointer   |
|data_113_V_V_TREADY  | out |    1|    axis    |                      data_113_V_V                     |    pointer   |
|data_114_V_V_TDATA   |  in |   32|    axis    |                      data_114_V_V                     |    pointer   |
|data_114_V_V_TVALID  |  in |    1|    axis    |                      data_114_V_V                     |    pointer   |
|data_114_V_V_TREADY  | out |    1|    axis    |                      data_114_V_V                     |    pointer   |
|data_115_V_V_TDATA   |  in |   32|    axis    |                      data_115_V_V                     |    pointer   |
|data_115_V_V_TVALID  |  in |    1|    axis    |                      data_115_V_V                     |    pointer   |
|data_115_V_V_TREADY  | out |    1|    axis    |                      data_115_V_V                     |    pointer   |
|data_116_V_V_TDATA   |  in |   32|    axis    |                      data_116_V_V                     |    pointer   |
|data_116_V_V_TVALID  |  in |    1|    axis    |                      data_116_V_V                     |    pointer   |
|data_116_V_V_TREADY  | out |    1|    axis    |                      data_116_V_V                     |    pointer   |
|data_117_V_V_TDATA   |  in |   32|    axis    |                      data_117_V_V                     |    pointer   |
|data_117_V_V_TVALID  |  in |    1|    axis    |                      data_117_V_V                     |    pointer   |
|data_117_V_V_TREADY  | out |    1|    axis    |                      data_117_V_V                     |    pointer   |
|data_118_V_V_TDATA   |  in |   32|    axis    |                      data_118_V_V                     |    pointer   |
|data_118_V_V_TVALID  |  in |    1|    axis    |                      data_118_V_V                     |    pointer   |
|data_118_V_V_TREADY  | out |    1|    axis    |                      data_118_V_V                     |    pointer   |
|data_119_V_V_TDATA   |  in |   32|    axis    |                      data_119_V_V                     |    pointer   |
|data_119_V_V_TVALID  |  in |    1|    axis    |                      data_119_V_V                     |    pointer   |
|data_119_V_V_TREADY  | out |    1|    axis    |                      data_119_V_V                     |    pointer   |
|data_120_V_V_TDATA   |  in |   32|    axis    |                      data_120_V_V                     |    pointer   |
|data_120_V_V_TVALID  |  in |    1|    axis    |                      data_120_V_V                     |    pointer   |
|data_120_V_V_TREADY  | out |    1|    axis    |                      data_120_V_V                     |    pointer   |
|data_121_V_V_TDATA   |  in |   32|    axis    |                      data_121_V_V                     |    pointer   |
|data_121_V_V_TVALID  |  in |    1|    axis    |                      data_121_V_V                     |    pointer   |
|data_121_V_V_TREADY  | out |    1|    axis    |                      data_121_V_V                     |    pointer   |
|data_122_V_V_TDATA   |  in |   32|    axis    |                      data_122_V_V                     |    pointer   |
|data_122_V_V_TVALID  |  in |    1|    axis    |                      data_122_V_V                     |    pointer   |
|data_122_V_V_TREADY  | out |    1|    axis    |                      data_122_V_V                     |    pointer   |
|data_123_V_V_TDATA   |  in |   32|    axis    |                      data_123_V_V                     |    pointer   |
|data_123_V_V_TVALID  |  in |    1|    axis    |                      data_123_V_V                     |    pointer   |
|data_123_V_V_TREADY  | out |    1|    axis    |                      data_123_V_V                     |    pointer   |
|data_124_V_V_TDATA   |  in |   32|    axis    |                      data_124_V_V                     |    pointer   |
|data_124_V_V_TVALID  |  in |    1|    axis    |                      data_124_V_V                     |    pointer   |
|data_124_V_V_TREADY  | out |    1|    axis    |                      data_124_V_V                     |    pointer   |
|data_125_V_V_TDATA   |  in |   32|    axis    |                      data_125_V_V                     |    pointer   |
|data_125_V_V_TVALID  |  in |    1|    axis    |                      data_125_V_V                     |    pointer   |
|data_125_V_V_TREADY  | out |    1|    axis    |                      data_125_V_V                     |    pointer   |
|data_126_V_V_TDATA   |  in |   32|    axis    |                      data_126_V_V                     |    pointer   |
|data_126_V_V_TVALID  |  in |    1|    axis    |                      data_126_V_V                     |    pointer   |
|data_126_V_V_TREADY  | out |    1|    axis    |                      data_126_V_V                     |    pointer   |
|data_127_V_V_TDATA   |  in |   32|    axis    |                      data_127_V_V                     |    pointer   |
|data_127_V_V_TVALID  |  in |    1|    axis    |                      data_127_V_V                     |    pointer   |
|data_127_V_V_TREADY  | out |    1|    axis    |                      data_127_V_V                     |    pointer   |
|res_V_V_TDATA        | out |   32|    axis    |                        res_V_V                        |    pointer   |
|res_V_V_TVALID       | out |    1|    axis    |                        res_V_V                        |    pointer   |
|res_V_V_TREADY       |  in |    1|    axis    |                        res_V_V                        |    pointer   |
+---------------------+-----+-----+------------+-------------------------------------------------------+--------------+

